Archive member included to satisfy reference by file (symbol)

d:/stm32_file/gcc-arm-none-eabi-9-2019-q4-major-win32/bin/../lib/gcc/arm-none-eabi/9.2.1/thumb/v7-m/nofp\libgcc.a(_arm_muldf3.o)
                              CMakeFiles/mop_robot.elf.dir/Drivers/HARDWARE/MPU6050.c.obj (__aeabi_dmul)
d:/stm32_file/gcc-arm-none-eabi-9-2019-q4-major-win32/bin/../lib/gcc/arm-none-eabi/9.2.1/thumb/v7-m/nofp\libgcc.a(_arm_mulsf3.o)
                              CMakeFiles/mop_robot.elf.dir/Drivers/HARDWARE/MPU6050.c.obj (__aeabi_fmul)
d:/stm32_file/gcc-arm-none-eabi-9-2019-q4-major-win32/bin/../lib/gcc/arm-none-eabi/9.2.1/thumb/v7-m/nofp\libgcc.a(_arm_addsubdf3.o)
                              CMakeFiles/mop_robot.elf.dir/Drivers/HARDWARE/MPU6050.c.obj (__aeabi_dadd)
d:/stm32_file/gcc-arm-none-eabi-9-2019-q4-major-win32/bin/../lib/gcc/arm-none-eabi/9.2.1/thumb/v7-m/nofp\libgcc.a(_arm_muldivdf3.o)
                              CMakeFiles/mop_robot.elf.dir/Drivers/HARDWARE/MPU6050.c.obj (__aeabi_ddiv)
d:/stm32_file/gcc-arm-none-eabi-9-2019-q4-major-win32/bin/../lib/gcc/arm-none-eabi/9.2.1/thumb/v7-m/nofp\libgcc.a(_arm_truncdfsf2.o)
                              CMakeFiles/mop_robot.elf.dir/Drivers/HARDWARE/MPU6050.c.obj (__aeabi_d2f)
d:/stm32_file/gcc-arm-none-eabi-9-2019-q4-major-win32/bin/../lib/gcc/arm-none-eabi/9.2.1/thumb/v7-m/nofp\libgcc.a(_arm_addsubsf3.o)
                              CMakeFiles/mop_robot.elf.dir/Drivers/HARDWARE/inv_mpu.c.obj (__aeabi_fsub)
d:/stm32_file/gcc-arm-none-eabi-9-2019-q4-major-win32/bin/../lib/gcc/arm-none-eabi/9.2.1/thumb/v7-m/nofp\libgcc.a(_arm_muldivsf3.o)
                              CMakeFiles/mop_robot.elf.dir/Drivers/HARDWARE/inv_mpu.c.obj (__aeabi_fdiv)
d:/stm32_file/gcc-arm-none-eabi-9-2019-q4-major-win32/bin/../lib/gcc/arm-none-eabi/9.2.1/thumb/v7-m/nofp\libgcc.a(_arm_cmpsf2.o)
                              CMakeFiles/mop_robot.elf.dir/Drivers/HARDWARE/inv_mpu.c.obj (__aeabi_fcmpeq)
d:/stm32_file/gcc-arm-none-eabi-9-2019-q4-major-win32/bin/../lib/gcc/arm-none-eabi/9.2.1/thumb/v7-m/nofp\libgcc.a(_arm_fixsfsi.o)
                              CMakeFiles/mop_robot.elf.dir/Drivers/HARDWARE/MPU6050.c.obj (__aeabi_f2iz)
d:/stm32_file/gcc-arm-none-eabi-9-2019-q4-major-win32/bin/../lib/gcc/arm-none-eabi/9.2.1/thumb/v7-m/nofp\libgcc.a(_arm_fixunssfsi.o)
                              CMakeFiles/mop_robot.elf.dir/Drivers/HARDWARE/inv_mpu_dmp_motion_driver.c.obj (__aeabi_f2uiz)
d:/stm32_file/gcc-arm-none-eabi-9-2019-q4-major-win32/bin/../lib/gcc/arm-none-eabi/9.2.1/thumb/v7-m/nofp\libgcc.a(_aeabi_ldivmod.o)
                              CMakeFiles/mop_robot.elf.dir/Drivers/HARDWARE/inv_mpu.c.obj (__aeabi_ldivmod)
d:/stm32_file/gcc-arm-none-eabi-9-2019-q4-major-win32/bin/../lib/gcc/arm-none-eabi/9.2.1/thumb/v7-m/nofp\libgcc.a(_udivmoddi4.o)
                              d:/stm32_file/gcc-arm-none-eabi-9-2019-q4-major-win32/bin/../lib/gcc/arm-none-eabi/9.2.1/thumb/v7-m/nofp\libgcc.a(_aeabi_ldivmod.o) (__udivmoddi4)
d:/stm32_file/gcc-arm-none-eabi-9-2019-q4-major-win32/bin/../lib/gcc/arm-none-eabi/9.2.1/thumb/v7-m/nofp\libgcc.a(_dvmd_tls.o)
                              d:/stm32_file/gcc-arm-none-eabi-9-2019-q4-major-win32/bin/../lib/gcc/arm-none-eabi/9.2.1/thumb/v7-m/nofp\libgcc.a(_aeabi_ldivmod.o) (__aeabi_ldiv0)
d:/stm32_file/gcc-arm-none-eabi-9-2019-q4-major-win32/bin/../lib/gcc/arm-none-eabi/9.2.1/../../../../arm-none-eabi/lib/thumb/v7-m/nofp\libg.a(lib_a-errno.o)
                              CMakeFiles/mop_robot.elf.dir/Core/Src/syscalls.c.obj (__errno)
d:/stm32_file/gcc-arm-none-eabi-9-2019-q4-major-win32/bin/../lib/gcc/arm-none-eabi/9.2.1/../../../../arm-none-eabi/lib/thumb/v7-m/nofp\libg.a(lib_a-exit.o)
                              d:/stm32_file/gcc-arm-none-eabi-9-2019-q4-major-win32/bin/../lib/gcc/arm-none-eabi/9.2.1/../../../../arm-none-eabi/lib/thumb/v7-m/nofp/crt0.o (exit)
d:/stm32_file/gcc-arm-none-eabi-9-2019-q4-major-win32/bin/../lib/gcc/arm-none-eabi/9.2.1/../../../../arm-none-eabi/lib/thumb/v7-m/nofp\libg.a(lib_a-impure.o)
                              d:/stm32_file/gcc-arm-none-eabi-9-2019-q4-major-win32/bin/../lib/gcc/arm-none-eabi/9.2.1/../../../../arm-none-eabi/lib/thumb/v7-m/nofp\libg.a(lib_a-exit.o) (_global_impure_ptr)
d:/stm32_file/gcc-arm-none-eabi-9-2019-q4-major-win32/bin/../lib/gcc/arm-none-eabi/9.2.1/../../../../arm-none-eabi/lib/thumb/v7-m/nofp\libg.a(lib_a-init.o)
                              d:/stm32_file/gcc-arm-none-eabi-9-2019-q4-major-win32/bin/../lib/gcc/arm-none-eabi/9.2.1/../../../../arm-none-eabi/lib/thumb/v7-m/nofp/crt0.o (__libc_init_array)
d:/stm32_file/gcc-arm-none-eabi-9-2019-q4-major-win32/bin/../lib/gcc/arm-none-eabi/9.2.1/../../../../arm-none-eabi/lib/thumb/v7-m/nofp\libg.a(lib_a-memcmp.o)
                              CMakeFiles/mop_robot.elf.dir/Drivers/HARDWARE/inv_mpu.c.obj (memcmp)
[...]
Memory Configuration

Name             Origin             Length             Attributes
RAM              0x20000000         0x00005000         xrw
FLASH            0x08000000         0x00010000         xr
*default*        0x00000000         0xffffffff

Linker script and memory map

LOAD d:/stm32_file/gcc-arm-none-eabi-9-2019-q4-major-win32/bin/../lib/gcc/arm-none-eabi/9.2.1/thumb/v7-m/nofp/crti.o
LOAD d:/stm32_file/gcc-arm-none-eabi-9-2019-q4-major-win32/bin/../lib/gcc/arm-none-eabi/9.2.1/thumb/v7-m/nofp/crtbegin.o
LOAD d:/stm32_file/gcc-arm-none-eabi-9-2019-q4-major-win32/bin/../lib/gcc/arm-none-eabi/9.2.1/../../../../arm-none-eabi/lib/thumb/v7-m/nofp/crt0.o
LOAD CMakeFiles/mop_robot.elf.dir/Core/Src/gpio.c.obj
LOAD CMakeFiles/mop_robot.elf.dir/Core/Src/i2c.c.obj
LOAD CMakeFiles/mop_robot.elf.dir/Core/Src/main.c.obj
LOAD CMakeFiles/mop_robot.elf.dir/Core/Src/stm32f1xx_hal_msp.c.obj
LOAD CMakeFiles/mop_robot.elf.dir/Core/Src/stm32f1xx_it.c.obj
LOAD CMakeFiles/mop_robot.elf.dir/Core/Src/syscalls.c.obj
LOAD CMakeFiles/mop_robot.elf.dir/Core/Src/system_stm32f1xx.c.obj
LOAD CMakeFiles/mop_robot.elf.dir/Core/Src/tim.c.obj
LOAD CMakeFiles/mop_robot.elf.dir/Core/Src/usart.c.obj
LOAD CMakeFiles/mop_robot.elf.dir/Drivers/HARDWARE/MPU6050.c.obj
LOAD CMakeFiles/mop_robot.elf.dir/Drivers/HARDWARE/Mpuiic.c.obj
LOAD CMakeFiles/mop_robot.elf.dir/Drivers/HARDWARE/delay.c.obj
LOAD CMakeFiles/mop_robot.elf.dir/Drivers/HARDWARE/inv_mpu.c.obj
LOAD CMakeFiles/mop_robot.elf.dir/Drivers/HARDWARE/inv_mpu_dmp_motion_driver.c.obj
LOAD CMakeFiles/mop_robot.elf.dir/Drivers/HARDWARE/motor.c.obj
LOAD CMakeFiles/mop_robot.elf.dir/Drivers/HARDWARE/oled.c.obj
LOAD CMakeFiles/mop_robot.elf.dir/Drivers/HARDWARE/pid.c.obj
LOAD CMakeFiles/mop_robot.elf.dir/Drivers/HARDWARE/rs100.c.obj
LOAD CMakeFiles/mop_robot.elf.dir/Drivers/HARDWARE/sys.c.obj
LOAD CMakeFiles/mop_robot.elf.dir/Drivers/STM32F1xx_HAL_Driver/Src/stm32f1xx_hal.c.obj
LOAD CMakeFiles/mop_robot.elf.dir/Drivers/STM32F1xx_HAL_Driver/Src/stm32f1xx_hal_cortex.c.obj
LOAD CMakeFiles/mop_robot.elf.dir/Drivers/STM32F1xx_HAL_Driver/Src/stm32f1xx_hal_dma.c.obj
LOAD CMakeFiles/mop_robot.elf.dir/Drivers/STM32F1xx_HAL_Driver/Src/stm32f1xx_hal_exti.c.obj
LOAD CMakeFiles/mop_robot.elf.dir/Drivers/STM32F1xx_HAL_Driver/Src/stm32f1xx_hal_flash.c.obj
LOAD CMakeFiles/mop_robot.elf.dir/Drivers/STM32F1xx_HAL_Driver/Src/stm32f1xx_hal_flash_ex.c.obj
LOAD CMakeFiles/mop_robot.elf.dir/Drivers/STM32F1xx_HAL_Driver/Src/stm32f1xx_hal_gpio.c.obj
LOAD CMakeFiles/mop_robot.elf.dir/Drivers/STM32F1xx_HAL_Driver/Src/stm32f1xx_hal_gpio_ex.c.obj
LOAD CMakeFiles/mop_robot.elf.dir/Drivers/STM32F1xx_HAL_Driver/Src/stm32f1xx_hal_i2c.c.obj
LOAD CMakeFiles/mop_robot.elf.dir/Drivers/STM32F1xx_HAL_Driver/Src/stm32f1xx_hal_pwr.c.obj
LOAD CMakeFiles/mop_robot.elf.dir/Drivers/STM32F1xx_HAL_Driver/Src/stm32f1xx_hal_rcc.c.obj
LOAD CMakeFiles/mop_robot.elf.dir/Drivers/STM32F1xx_HAL_Driver/Src/stm32f1xx_hal_rcc_ex.c.obj
LOAD CMakeFiles/mop_robot.elf.dir/Drivers/STM32F1xx_HAL_Driver/Src/stm32f1xx_hal_tim.c.obj
LOAD CMakeFiles/mop_robot.elf.dir/Drivers/STM32F1xx_HAL_Driver/Src/stm32f1xx_hal_tim_ex.c.obj
LOAD CMakeFiles/mop_robot.elf.dir/Drivers/STM32F1xx_HAL_Driver/Src/stm32f1xx_hal_uart.c.obj
LOAD CMakeFiles/mop_robot.elf.dir/startup/startup_stm32f103xb.s.obj
START GROUP
LOAD d:/stm32_file/gcc-arm-none-eabi-9-2019-q4-major-win32/bin/../lib/gcc/arm-none-eabi/9.2.1/thumb/v7-m/nofp\libgcc.a
LOAD d:/stm32_file/gcc-arm-none-eabi-9-2019-q4-major-win32/bin/../lib/gcc/arm-none-eabi/9.2.1/../../../../arm-none-eabi/lib/thumb/v7-m/nofp\libg.a
LOAD d:/stm32_file/gcc-arm-none-eabi-9-2019-q4-major-win32/bin/../lib/gcc/arm-none-eabi/9.2.1/../../../../arm-none-eabi/lib/thumb/v7-m/nofp\libc.a
END GROUP
LOAD d:/stm32_file/gcc-arm-none-eabi-9-2019-q4-major-win32/bin/../lib/gcc/arm-none-eabi/9.2.1/thumb/v7-m/nofp/crtend.o
LOAD d:/stm32_file/gcc-arm-none-eabi-9-2019-q4-major-win32/bin/../lib/gcc/arm-none-eabi/9.2.1/thumb/v7-m/nofp/crtn.o
                0x20005000                _estack = 0x20005000
                0x00000800                _Min_Heap_Size = 0x800
                0x00001600                _Min_Stack_Size = 0x1600

.isr_vector     0x08000000      0x10c
                0x08000000                . = ALIGN (0x4)
 *(.isr_vector)
 .isr_vector    0x08000000      0x10c CMakeFiles/mop_robot.elf.dir/startup/startup_stm32f103xb.s.obj
                0x08000000                g_pfnVectors
                0x0800010c                . = ALIGN (0x4)

.text           0x08000110     0x8d44
                0x08000110                . = ALIGN (0x4)
 *(.text)
 .text          0x08000110       0x40 d:/stm32_file/gcc-arm-none-eabi-9-2019-q4-major-win32/bin/../lib/gcc/arm-none-eabi/9.2.1/thumb/v7-m/nofp/crtbegin.o
 .text          0x08000150      0x378 d:/stm32_file/gcc-arm-none-eabi-9-2019-q4-major-win32/bin/../lib/gcc/arm-none-eabi/9.2.1/thumb/v7-m/nofp\libgcc.a(_arm_addsubdf3.o)
                0x08000150                __aeabi_drsub
                0x08000158                __aeabi_dsub
                0x08000158                __subdf3
                0x0800015c                __aeabi_dadd
                0x0800015c                __adddf3
                0x080003d4                __floatunsidf
                0x080003d4                __aeabi_ui2d
                0x080003f4                __floatsidf
                0x080003f4                __aeabi_i2d
                0x08000418                __aeabi_f2d
                0x08000418                __extendsfdf2
                0x0800045c                __floatundidf
                0x0800045c                __aeabi_ul2d
                0x0800046c                __floatdidf
                0x0800046c                __aeabi_l2d
 .text          0x080004c8      0x424 d:/stm32_file/gcc-arm-none-eabi-9-2019-q4-major-win32/bin/../lib/gcc/arm-none-eabi/9.2.1/thumb/v7-m/nofp\libgcc.a(_arm_muldivdf3.o)
                0x080004c8                __aeabi_dmul
                0x080004c8                __muldf3
                0x0800071c                __divdf3
                0x0800071c                __aeabi_ddiv
 .text          0x080008ec       0xa0 d:/stm32_file/gcc-arm-none-eabi-9-2019-q4-major-win32/bin/../lib/gcc/arm-none-eabi/9.2.1/thumb/v7-m/nofp\libgcc.a(_arm_truncdfsf2.o)
                0x080008ec                __truncdfsf2
                0x080008ec                __aeabi_d2f
 .text          0x0800098c      0x21c d:/stm32_file/gcc-arm-none-eabi-9-2019-q4-major-win32/bin/../lib/gcc/arm-none-eabi/9.2.1/thumb/v7-m/nofp\libgcc.a(_arm_addsubsf3.o)
                0x0800098c                __aeabi_frsub
                0x08000994                __subsf3
                0x08000994                __aeabi_fsub
                0x08000998                __aeabi_fadd
                0x08000998                __addsf3
                0x08000af8                __aeabi_ui2f
                0x08000af8                __floatunsisf
                0x08000b00                __aeabi_i2f
                0x08000b00                __floatsisf
                0x08000b1c                __aeabi_ul2f
                0x08000b1c                __floatundisf
                0x08000b2c                __aeabi_l2f
                0x08000b2c                __floatdisf
 .text          0x08000ba8      0x2a0 d:/stm32_file/gcc-arm-none-eabi-9-2019-q4-major-win32/bin/../lib/gcc/arm-none-eabi/9.2.1/thumb/v7-m/nofp\libgcc.a(_arm_muldivsf3.o)
                0x08000ba8                __mulsf3
                0x08000ba8                __aeabi_fmul
                0x08000d10                __aeabi_fdiv
                0x08000d10                __divsf3
 .text          0x08000e48       0xec d:/stm32_file/gcc-arm-none-eabi-9-2019-q4-major-win32/bin/../lib/gcc/arm-none-eabi/9.2.1/thumb/v7-m/nofp\libgcc.a(_arm_cmpsf2.o)
                0x08000e48                __gesf2
                0x08000e48                __gtsf2
                0x08000e50                __lesf2
                0x08000e50                __ltsf2
                0x08000e58                __nesf2
                0x08000e58                __eqsf2
                0x08000e58                __cmpsf2
                0x08000eb8                __aeabi_cfrcmple
                0x08000ec0                __aeabi_cfcmpeq
                0x08000ec0                __aeabi_cfcmple
                0x08000ed0                __aeabi_fcmpeq
                0x08000ee4                __aeabi_fcmplt
                0x08000ef8                __aeabi_fcmple
                0x08000f0c                __aeabi_fcmpge
                0x08000f20                __aeabi_fcmpgt
 .text          0x08000f34       0x4c d:/stm32_file/gcc-arm-none-eabi-9-2019-q4-major-win32/bin/../lib/gcc/arm-none-eabi/9.2.1/thumb/v7-m/nofp\libgcc.a(_arm_fixsfsi.o)
                0x08000f34                __aeabi_f2iz
                0x08000f34                __fixsfsi
 .text          0x08000f80      0x2c4 d:/stm32_file/gcc-arm-none-eabi-9-2019-q4-major-win32/bin/../lib/gcc/arm-none-eabi/9.2.1/thumb/v7-m/nofp\libgcc.a(_udivmoddi4.o)
                0x08000f80                __udivmoddi4
 .text          0x08001244        0x4 d:/stm32_file/gcc-arm-none-eabi-9-2019-q4-major-win32/bin/../lib/gcc/arm-none-eabi/9.2.1/thumb/v7-m/nofp\libgcc.a(_dvmd_tls.o)
                0x08001244                __aeabi_idiv0
                0x08001244                __aeabi_ldiv0
 .text          0x08001248       0xec d:/stm32_file/gcc-arm-none-eabi-9-2019-q4-major-win32/bin/../lib/gcc/arm-none-eabi/9.2.1/../../../../arm-none-eabi/lib/thumb/v7-m/nofp\libg.a(lib_a-memcpy.o)
                0x08001248                memcpy
 .text          0x08001334      0x110 d:/stm32_file/gcc-arm-none-eabi-9-2019-q4-major-win32/bin/../lib/gcc/arm-none-eabi/9.2.1/thumb/v7-m/nofp\libgcc.a(_arm_cmpdf2.o)
                0x08001334                __gtdf2
                0x08001334                __gedf2
                0x0800133c                __ltdf2
                0x0800133c                __ledf2
                0x08001344                __nedf2
                0x08001344                __eqdf2
                0x08001344                __cmpdf2
                0x080013c0                __aeabi_cdrcmple
                0x080013d0                __aeabi_cdcmpeq
                0x080013d0                __aeabi_cdcmple
                0x080013e0                __aeabi_dcmpeq
                0x080013f4                __aeabi_dcmplt
                0x08001408                __aeabi_dcmple
                0x0800141c                __aeabi_dcmpge
                0x08001430                __aeabi_dcmpgt
 .text          0x08001444       0x2c d:/stm32_file/gcc-arm-none-eabi-9-2019-q4-major-win32/bin/../lib/gcc/arm-none-eabi/9.2.1/thumb/v7-m/nofp\libgcc.a(_arm_unorddf2.o)
                0x08001444                __unorddf2
                0x08001444                __aeabi_dcmpun
 .text          0x08001470       0x50 d:/stm32_file/gcc-arm-none-eabi-9-2019-q4-major-win32/bin/../lib/gcc/arm-none-eabi/9.2.1/thumb/v7-m/nofp\libgcc.a(_arm_fixdfsi.o)
                0x08001470                __aeabi_d2iz
                0x08001470                __fixdfsi
 .text          0x080014c0       0x30 d:/stm32_file/gcc-arm-none-eabi-9-2019-q4-major-win32/bin/../lib/gcc/arm-none-eabi/9.2.1/thumb/v7-m/nofp\libgcc.a(_aeabi_uldivmod.o)
                0x080014c0                __aeabi_uldivmod
 *(.text*)
 .text.MX_GPIO_Init
                0x080014f0       0x8c CMakeFiles/mop_robot.elf.dir/Core/Src/gpio.c.obj
                0x080014f0                MX_GPIO_Init
 .text.MX_I2C1_Init
                0x0800157c       0x3c CMakeFiles/mop_robot.elf.dir/Core/Src/i2c.c.obj
                0x0800157c                MX_I2C1_Init
 .text.HAL_I2C_MspInit
                0x080015b8       0x78 CMakeFiles/mop_robot.elf.dir/Core/Src/i2c.c.obj
                0x080015b8                HAL_I2C_MspInit
 .text.SystemClock_Config
                0x08001630       0x52 CMakeFiles/mop_robot.elf.dir/Core/Src/main.c.obj
                0x08001630                SystemClock_Config
 *fill*         0x08001682        0x2 
 .text.main     0x08001684       0xe4 CMakeFiles/mop_robot.elf.dir/Core/Src/main.c.obj
                0x08001684                main
 .text.Error_Handler
                0x08001768        0x2 CMakeFiles/mop_robot.elf.dir/Core/Src/main.c.obj
                0x08001768                Error_Handler
 *fill*         0x0800176a        0x2 
 .text.HAL_MspInit
                0x0800176c       0x44 CMakeFiles/mop_robot.elf.dir/Core/Src/stm32f1xx_hal_msp.c.obj
                0x0800176c                HAL_MspInit
 .text.NMI_Handler
                0x080017b0        0x2 CMakeFiles/mop_robot.elf.dir/Core/Src/stm32f1xx_it.c.obj
                0x080017b0                NMI_Handler
 .text.HardFault_Handler
                0x080017b2        0x2 CMakeFiles/mop_robot.elf.dir/Core/Src/stm32f1xx_it.c.obj
                0x080017b2                HardFault_Handler
 .text.MemManage_Handler
                0x080017b4        0x2 CMakeFiles/mop_robot.elf.dir/Core/Src/stm32f1xx_it.c.obj
                0x080017b4                MemManage_Handler
 .text.BusFault_Handler
                0x080017b6        0x2 CMakeFiles/mop_robot.elf.dir/Core/Src/stm32f1xx_it.c.obj
                0x080017b6                BusFault_Handler
 .text.UsageFault_Handler
                0x080017b8        0x2 CMakeFiles/mop_robot.elf.dir/Core/Src/stm32f1xx_it.c.obj
                0x080017b8                UsageFault_Handler
 .text.SVC_Handler
                0x080017ba        0x2 CMakeFiles/mop_robot.elf.dir/Core/Src/stm32f1xx_it.c.obj
                0x080017ba                SVC_Handler
 .text.DebugMon_Handler
                0x080017bc        0x2 CMakeFiles/mop_robot.elf.dir/Core/Src/stm32f1xx_it.c.obj
                0x080017bc                DebugMon_Handler
 .text.PendSV_Handler
                0x080017be        0x2 CMakeFiles/mop_robot.elf.dir/Core/Src/stm32f1xx_it.c.obj
                0x080017be                PendSV_Handler
 .text.SysTick_Handler
                0x080017c0        0x8 CMakeFiles/mop_robot.elf.dir/Core/Src/stm32f1xx_it.c.obj
                0x080017c0                SysTick_Handler
 .text.TIM1_UP_IRQHandler
                0x080017c8       0x10 CMakeFiles/mop_robot.elf.dir/Core/Src/stm32f1xx_it.c.obj
                0x080017c8                TIM1_UP_IRQHandler
 .text.TIM2_IRQHandler
                0x080017d8       0x10 CMakeFiles/mop_robot.elf.dir/Core/Src/stm32f1xx_it.c.obj
                0x080017d8                TIM2_IRQHandler
 .text.TIM3_IRQHandler
                0x080017e8       0x10 CMakeFiles/mop_robot.elf.dir/Core/Src/stm32f1xx_it.c.obj
                0x080017e8                TIM3_IRQHandler
 .text.TIM4_IRQHandler
                0x080017f8       0x10 CMakeFiles/mop_robot.elf.dir/Core/Src/stm32f1xx_it.c.obj
                0x080017f8                TIM4_IRQHandler
 .text.USART2_IRQHandler
                0x08001808       0x10 CMakeFiles/mop_robot.elf.dir/Core/Src/stm32f1xx_it.c.obj
                0x08001808                USART2_IRQHandler
 .text._sbrk    0x08001818       0x3c CMakeFiles/mop_robot.elf.dir/Core/Src/syscalls.c.obj
                0x08001818                _sbrk
 .text.SystemInit
                0x08001854        0x2 CMakeFiles/mop_robot.elf.dir/Core/Src/system_stm32f1xx.c.obj
                0x08001854                SystemInit
 *fill*         0x08001856        0x2 
 .text.MX_TIM1_Init
                0x08001858       0x6c CMakeFiles/mop_robot.elf.dir/Core/Src/tim.c.obj
                0x08001858                MX_TIM1_Init
 .text.MX_TIM3_Init
                0x080018c4       0x68 CMakeFiles/mop_robot.elf.dir/Core/Src/tim.c.obj
                0x080018c4                MX_TIM3_Init
 .text.MX_TIM4_Init
                0x0800192c       0x70 CMakeFiles/mop_robot.elf.dir/Core/Src/tim.c.obj
                0x0800192c                MX_TIM4_Init
 .text.HAL_TIM_Encoder_MspInit
                0x0800199c       0xc8 CMakeFiles/mop_robot.elf.dir/Core/Src/tim.c.obj
                0x0800199c                HAL_TIM_Encoder_MspInit
 .text.HAL_TIM_PWM_MspInit
                0x08001a64       0x3a CMakeFiles/mop_robot.elf.dir/Core/Src/tim.c.obj
                0x08001a64                HAL_TIM_PWM_MspInit
 *fill*         0x08001a9e        0x2 
 .text.HAL_TIM_Base_MspInit
                0x08001aa0       0x40 CMakeFiles/mop_robot.elf.dir/Core/Src/tim.c.obj
                0x08001aa0                HAL_TIM_Base_MspInit
 .text.HAL_TIM_MspPostInit
                0x08001ae0       0x4c CMakeFiles/mop_robot.elf.dir/Core/Src/tim.c.obj
                0x08001ae0                HAL_TIM_MspPostInit
 .text.MX_TIM2_Init
                0x08001b2c       0x98 CMakeFiles/mop_robot.elf.dir/Core/Src/tim.c.obj
                0x08001b2c                MX_TIM2_Init
 .text.MX_USART2_UART_Init
                0x08001bc4       0x34 CMakeFiles/mop_robot.elf.dir/Core/Src/usart.c.obj
                0x08001bc4                MX_USART2_UART_Init
 .text.HAL_UART_MspInit
                0x08001bf8       0x88 CMakeFiles/mop_robot.elf.dir/Core/Src/usart.c.obj
                0x08001bf8                HAL_UART_MspInit
 .text.MPU_Write_Byte
                0x08001c80       0x46 CMakeFiles/mop_robot.elf.dir/Drivers/HARDWARE/MPU6050.c.obj
                0x08001c80                MPU_Write_Byte
 .text.MPU_Set_Gyro_Fsr
                0x08001cc6       0x10 CMakeFiles/mop_robot.elf.dir/Drivers/HARDWARE/MPU6050.c.obj
                0x08001cc6                MPU_Set_Gyro_Fsr
 .text.MPU_Set_Accel_Fsr
                0x08001cd6       0x10 CMakeFiles/mop_robot.elf.dir/Drivers/HARDWARE/MPU6050.c.obj
                0x08001cd6                MPU_Set_Accel_Fsr
 .text.MPU_Set_LPF
                0x08001ce6       0x34 CMakeFiles/mop_robot.elf.dir/Drivers/HARDWARE/MPU6050.c.obj
                0x08001ce6                MPU_Set_LPF
 .text.MPU_Set_Rate
                0x08001d1a       0x32 CMakeFiles/mop_robot.elf.dir/Drivers/HARDWARE/MPU6050.c.obj
                0x08001d1a                MPU_Set_Rate
 .text.MPU_Read_Byte
                0x08001d4c       0x3a CMakeFiles/mop_robot.elf.dir/Drivers/HARDWARE/MPU6050.c.obj
                0x08001d4c                MPU_Read_Byte
 .text.MPU_Init
                0x08001d86       0x76 CMakeFiles/mop_robot.elf.dir/Drivers/HARDWARE/MPU6050.c.obj
                0x08001d86                MPU_Init
 .text.MPU_IIC_Delay
                0x08001dfc        0xa CMakeFiles/mop_robot.elf.dir/Drivers/HARDWARE/Mpuiic.c.obj
                0x08001dfc                MPU_IIC_Delay
 *fill*         0x08001e06        0x2 
 .text.MPU_IIC_Init
                0x08001e08       0x44 CMakeFiles/mop_robot.elf.dir/Drivers/HARDWARE/Mpuiic.c.obj
                0x08001e08                MPU_IIC_Init
 .text.MPU_IIC_Start
                0x08001e4c       0x3c CMakeFiles/mop_robot.elf.dir/Drivers/HARDWARE/Mpuiic.c.obj
                0x08001e4c                MPU_IIC_Start
 .text.MPU_IIC_Stop
                0x08001e88       0x3c CMakeFiles/mop_robot.elf.dir/Drivers/HARDWARE/Mpuiic.c.obj
                0x08001e88                MPU_IIC_Stop
 .text.MPU_IIC_Wait_Ack
                0x08001ec4       0x58 CMakeFiles/mop_robot.elf.dir/Drivers/HARDWARE/Mpuiic.c.obj
                0x08001ec4                MPU_IIC_Wait_Ack
 .text.MPU_IIC_Ack
                0x08001f1c       0x3c CMakeFiles/mop_robot.elf.dir/Drivers/HARDWARE/Mpuiic.c.obj
                0x08001f1c                MPU_IIC_Ack
 .text.MPU_IIC_NAck
                0x08001f58       0x3c CMakeFiles/mop_robot.elf.dir/Drivers/HARDWARE/Mpuiic.c.obj
                0x08001f58                MPU_IIC_NAck
 .text.MPU_IIC_Send_Byte
                0x08001f94       0x50 CMakeFiles/mop_robot.elf.dir/Drivers/HARDWARE/Mpuiic.c.obj
                0x08001f94                MPU_IIC_Send_Byte
 .text.MPU_IIC_Read_Byte
                0x08001fe4       0x64 CMakeFiles/mop_robot.elf.dir/Drivers/HARDWARE/Mpuiic.c.obj
                0x08001fe4                MPU_IIC_Read_Byte
 .text.delay_us
                0x08002048       0x3c CMakeFiles/mop_robot.elf.dir/Drivers/HARDWARE/delay.c.obj
                0x08002048                delay_us
 .text.delay_ms
                0x08002084       0x18 CMakeFiles/mop_robot.elf.dir/Drivers/HARDWARE/delay.c.obj
                0x08002084                delay_ms
 .text.run_left_motor
                0x0800209c       0x68 CMakeFiles/mop_robot.elf.dir/Drivers/HARDWARE/motor.c.obj
                0x0800209c                run_left_motor
 .text.run_right_motor
                0x08002104       0x70 CMakeFiles/mop_robot.elf.dir/Drivers/HARDWARE/motor.c.obj
                0x08002104                run_right_motor
 .text.left_speed_compute
                0x08002174      0x160 CMakeFiles/mop_robot.elf.dir/Drivers/HARDWARE/motor.c.obj
                0x08002174                left_speed_compute
 .text.right_speed_compute
                0x080022d4      0x160 CMakeFiles/mop_robot.elf.dir/Drivers/HARDWARE/motor.c.obj
                0x080022d4                right_speed_compute
 .text.gtim_get_encode1
                0x08002434       0x18 CMakeFiles/mop_robot.elf.dir/Drivers/HARDWARE/motor.c.obj
                0x08002434                gtim_get_encode1
 .text.gtim_get_encode2
                0x0800244c       0x18 CMakeFiles/mop_robot.elf.dir/Drivers/HARDWARE/motor.c.obj
                0x0800244c                gtim_get_encode2
 .text.HAL_TIM_PeriodElapsedCallback
                0x08002464      0x140 CMakeFiles/mop_robot.elf.dir/Drivers/HARDWARE/motor.c.obj
                0x08002464                HAL_TIM_PeriodElapsedCallback
 .text.motor_circle_left
                0x080025a4       0x20 CMakeFiles/mop_robot.elf.dir/Drivers/HARDWARE/motor.c.obj
                0x080025a4                motor_circle_left
 .text.motor_circle_right
                0x080025c4       0x20 CMakeFiles/mop_robot.elf.dir/Drivers/HARDWARE/motor.c.obj
                0x080025c4                motor_circle_right
 .text.motor_straight
                0x080025e4       0x14 CMakeFiles/mop_robot.elf.dir/Drivers/HARDWARE/motor.c.obj
                0x080025e4                motor_straight
 .text.run_motor
                0x080025f8       0x1c CMakeFiles/mop_robot.elf.dir/Drivers/HARDWARE/motor.c.obj
                0x080025f8                run_motor
 .text.WriteCmd
                0x08002614       0x38 CMakeFiles/mop_robot.elf.dir/Drivers/HARDWARE/oled.c.obj
                0x08002614                WriteCmd
 .text.OLED_WR_CMD
                0x0800264c       0x2c CMakeFiles/mop_robot.elf.dir/Drivers/HARDWARE/oled.c.obj
                0x0800264c                OLED_WR_CMD
 .text.OLED_WR_DATA
                0x08002678       0x2c CMakeFiles/mop_robot.elf.dir/Drivers/HARDWARE/oled.c.obj
                0x08002678                OLED_WR_DATA
 .text.OLED_Init
                0x080026a4        0xe CMakeFiles/mop_robot.elf.dir/Drivers/HARDWARE/oled.c.obj
                0x080026a4                OLED_Init
 .text.OLED_Clear
                0x080026b2       0x3a CMakeFiles/mop_robot.elf.dir/Drivers/HARDWARE/oled.c.obj
                0x080026b2                OLED_Clear
 .text.OLED_Set_Pos
                0x080026ec       0x22 CMakeFiles/mop_robot.elf.dir/Drivers/HARDWARE/oled.c.obj
                0x080026ec                OLED_Set_Pos
 *fill*         0x0800270e        0x2 
 .text.OLED_ShowChar
                0x08002710       0x90 CMakeFiles/mop_robot.elf.dir/Drivers/HARDWARE/oled.c.obj
                0x08002710                OLED_ShowChar
 .text.OLED_ShowString
                0x080027a0       0x36 CMakeFiles/mop_robot.elf.dir/Drivers/HARDWARE/oled.c.obj
                0x080027a0                OLED_ShowString
 *fill*         0x080027d6        0x2 
 .text.pid_init_left
                0x080027d8       0x30 CMakeFiles/mop_robot.elf.dir/Drivers/HARDWARE/pid.c.obj
                0x080027d8                pid_init_left
 .text.pid_init_right
                0x08002808       0x30 CMakeFiles/mop_robot.elf.dir/Drivers/HARDWARE/pid.c.obj
                0x08002808                pid_init_right
 .text.increment_PID_Ctrl
                0x08002838       0x66 CMakeFiles/mop_robot.elf.dir/Drivers/HARDWARE/pid.c.obj
                0x08002838                increment_PID_Ctrl
 *fill*         0x0800289e        0x2 
 .text.RS100_Read
                0x080028a0       0x88 CMakeFiles/mop_robot.elf.dir/Drivers/HARDWARE/rs100.c.obj
                0x080028a0                RS100_Read
 .text.HAL_UART_RxCpltCallback
                0x08002928       0x5c CMakeFiles/mop_robot.elf.dir/Drivers/HARDWARE/rs100.c.obj
                0x08002928                HAL_UART_RxCpltCallback
 .text.HAL_InitTick
                0x08002984       0x4c CMakeFiles/mop_robot.elf.dir/Drivers/STM32F1xx_HAL_Driver/Src/stm32f1xx_hal.c.obj
                0x08002984                HAL_InitTick
 .text.HAL_Init
                0x080029d0       0x24 CMakeFiles/mop_robot.elf.dir/Drivers/STM32F1xx_HAL_Driver/Src/stm32f1xx_hal.c.obj
                0x080029d0                HAL_Init
 .text.HAL_IncTick
                0x080029f4       0x18 CMakeFiles/mop_robot.elf.dir/Drivers/STM32F1xx_HAL_Driver/Src/stm32f1xx_hal.c.obj
                0x080029f4                HAL_IncTick
 .text.HAL_GetTick
                0x08002a0c        0xc CMakeFiles/mop_robot.elf.dir/Drivers/STM32F1xx_HAL_Driver/Src/stm32f1xx_hal.c.obj
                0x08002a0c                HAL_GetTick
 .text.HAL_Delay
                0x08002a18       0x28 CMakeFiles/mop_robot.elf.dir/Drivers/STM32F1xx_HAL_Driver/Src/stm32f1xx_hal.c.obj
                0x08002a18                HAL_Delay
 .text.HAL_NVIC_SetPriorityGrouping
                0x08002a40       0x24 CMakeFiles/mop_robot.elf.dir/Drivers/STM32F1xx_HAL_Driver/Src/stm32f1xx_hal_cortex.c.obj
                0x08002a40                HAL_NVIC_SetPriorityGrouping
 .text.HAL_NVIC_SetPriority
                0x08002a64       0x68 CMakeFiles/mop_robot.elf.dir/Drivers/STM32F1xx_HAL_Driver/Src/stm32f1xx_hal_cortex.c.obj
                0x08002a64                HAL_NVIC_SetPriority
 .text.HAL_NVIC_EnableIRQ
                0x08002acc       0x1c CMakeFiles/mop_robot.elf.dir/Drivers/STM32F1xx_HAL_Driver/Src/stm32f1xx_hal_cortex.c.obj
                0x08002acc                HAL_NVIC_EnableIRQ
 .text.HAL_SYSTICK_Config
                0x08002ae8       0x2c CMakeFiles/mop_robot.elf.dir/Drivers/STM32F1xx_HAL_Driver/Src/stm32f1xx_hal_cortex.c.obj
                0x08002ae8                HAL_SYSTICK_Config
 .text.HAL_DMA_Abort
                0x08002b14       0x44 CMakeFiles/mop_robot.elf.dir/Drivers/STM32F1xx_HAL_Driver/Src/stm32f1xx_hal_dma.c.obj
                0x08002b14                HAL_DMA_Abort
 .text.HAL_DMA_Abort_IT
                0x08002b58       0x98 CMakeFiles/mop_robot.elf.dir/Drivers/STM32F1xx_HAL_Driver/Src/stm32f1xx_hal_dma.c.obj
                0x08002b58                HAL_DMA_Abort_IT
 .text.HAL_GPIO_Init
                0x08002bf0      0x220 CMakeFiles/mop_robot.elf.dir/Drivers/STM32F1xx_HAL_Driver/Src/stm32f1xx_hal_gpio.c.obj
                0x08002bf0                HAL_GPIO_Init
 .text.HAL_GPIO_WritePin
                0x08002e10        0xc CMakeFiles/mop_robot.elf.dir/Drivers/STM32F1xx_HAL_Driver/Src/stm32f1xx_hal_gpio.c.obj
                0x08002e10                HAL_GPIO_WritePin
 .text.I2C_IsAcknowledgeFailed
                0x08002e1c       0x32 CMakeFiles/mop_robot.elf.dir/Drivers/STM32F1xx_HAL_Driver/Src/stm32f1xx_hal_i2c.c.obj
 .text.I2C_WaitOnFlagUntilTimeout
                0x08002e4e       0x74 CMakeFiles/mop_robot.elf.dir/Drivers/STM32F1xx_HAL_Driver/Src/stm32f1xx_hal_i2c.c.obj
 .text.I2C_WaitOnMasterAddressFlagUntilTimeout
                0x08002ec2       0xaa CMakeFiles/mop_robot.elf.dir/Drivers/STM32F1xx_HAL_Driver/Src/stm32f1xx_hal_i2c.c.obj
 .text.I2C_WaitOnTXEFlagUntilTimeout
                0x08002f6c       0x54 CMakeFiles/mop_robot.elf.dir/Drivers/STM32F1xx_HAL_Driver/Src/stm32f1xx_hal_i2c.c.obj
 .text.I2C_RequestMemoryWrite
                0x08002fc0       0xd8 CMakeFiles/mop_robot.elf.dir/Drivers/STM32F1xx_HAL_Driver/Src/stm32f1xx_hal_i2c.c.obj
 .text.I2C_WaitOnBTFFlagUntilTimeout
                0x08003098       0x54 CMakeFiles/mop_robot.elf.dir/Drivers/STM32F1xx_HAL_Driver/Src/stm32f1xx_hal_i2c.c.obj
 .text.HAL_I2C_Init
                0x080030ec      0x1bc CMakeFiles/mop_robot.elf.dir/Drivers/STM32F1xx_HAL_Driver/Src/stm32f1xx_hal_i2c.c.obj
                0x080030ec                HAL_I2C_Init
 .text.HAL_I2C_Mem_Write
                0x080032a8      0x164 CMakeFiles/mop_robot.elf.dir/Drivers/STM32F1xx_HAL_Driver/Src/stm32f1xx_hal_i2c.c.obj
                0x080032a8                HAL_I2C_Mem_Write
 .text.RCC_Delay
                0x0800340c       0x2c CMakeFiles/mop_robot.elf.dir/Drivers/STM32F1xx_HAL_Driver/Src/stm32f1xx_hal_rcc.c.obj
 .text.HAL_RCC_OscConfig
                0x08003438      0x410 CMakeFiles/mop_robot.elf.dir/Drivers/STM32F1xx_HAL_Driver/Src/stm32f1xx_hal_rcc.c.obj
                0x08003438                HAL_RCC_OscConfig
 .text.HAL_RCC_GetSysClockFreq
                0x08003848       0x6c CMakeFiles/mop_robot.elf.dir/Drivers/STM32F1xx_HAL_Driver/Src/stm32f1xx_hal_rcc.c.obj
                0x08003848                HAL_RCC_GetSysClockFreq
 .text.HAL_RCC_ClockConfig
                0x080038b4      0x16c CMakeFiles/mop_robot.elf.dir/Drivers/STM32F1xx_HAL_Driver/Src/stm32f1xx_hal_rcc.c.obj
                0x080038b4                HAL_RCC_ClockConfig
 .text.HAL_RCC_GetHCLKFreq
                0x08003a20        0xc CMakeFiles/mop_robot.elf.dir/Drivers/STM32F1xx_HAL_Driver/Src/stm32f1xx_hal_rcc.c.obj
                0x08003a20                HAL_RCC_GetHCLKFreq
 .text.HAL_RCC_GetPCLK1Freq
                0x08003a2c       0x20 CMakeFiles/mop_robot.elf.dir/Drivers/STM32F1xx_HAL_Driver/Src/stm32f1xx_hal_rcc.c.obj
                0x08003a2c                HAL_RCC_GetPCLK1Freq
 .text.HAL_RCC_GetPCLK2Freq
                0x08003a4c       0x20 CMakeFiles/mop_robot.elf.dir/Drivers/STM32F1xx_HAL_Driver/Src/stm32f1xx_hal_rcc.c.obj
                0x08003a4c                HAL_RCC_GetPCLK2Freq
 .text.TIM_OC1_SetConfig
                0x08003a6c       0x5c CMakeFiles/mop_robot.elf.dir/Drivers/STM32F1xx_HAL_Driver/Src/stm32f1xx_hal_tim.c.obj
 .text.TIM_OC3_SetConfig
                0x08003ac8       0x64 CMakeFiles/mop_robot.elf.dir/Drivers/STM32F1xx_HAL_Driver/Src/stm32f1xx_hal_tim.c.obj
 .text.TIM_OC4_SetConfig
                0x08003b2c       0x48 CMakeFiles/mop_robot.elf.dir/Drivers/STM32F1xx_HAL_Driver/Src/stm32f1xx_hal_tim.c.obj
 .text.TIM_TI1_ConfigInputStage
                0x08003b74       0x24 CMakeFiles/mop_robot.elf.dir/Drivers/STM32F1xx_HAL_Driver/Src/stm32f1xx_hal_tim.c.obj
 .text.TIM_TI2_ConfigInputStage
                0x08003b98       0x26 CMakeFiles/mop_robot.elf.dir/Drivers/STM32F1xx_HAL_Driver/Src/stm32f1xx_hal_tim.c.obj
 .text.TIM_ITRx_SetConfig
                0x08003bbe       0x10 CMakeFiles/mop_robot.elf.dir/Drivers/STM32F1xx_HAL_Driver/Src/stm32f1xx_hal_tim.c.obj
 *fill*         0x08003bce        0x2 
 .text.HAL_TIM_Base_Start_IT
                0x08003bd0       0x68 CMakeFiles/mop_robot.elf.dir/Drivers/STM32F1xx_HAL_Driver/Src/stm32f1xx_hal_tim.c.obj
                0x08003bd0                HAL_TIM_Base_Start_IT
 .text.HAL_TIM_OC_DelayElapsedCallback
                0x08003c38        0x2 CMakeFiles/mop_robot.elf.dir/Drivers/STM32F1xx_HAL_Driver/Src/stm32f1xx_hal_tim.c.obj
                0x08003c38                HAL_TIM_OC_DelayElapsedCallback
 .text.HAL_TIM_IC_CaptureCallback
                0x08003c3a        0x2 CMakeFiles/mop_robot.elf.dir/Drivers/STM32F1xx_HAL_Driver/Src/stm32f1xx_hal_tim.c.obj
                0x08003c3a                HAL_TIM_IC_CaptureCallback
 .text.HAL_TIM_PWM_PulseFinishedCallback
                0x08003c3c        0x2 CMakeFiles/mop_robot.elf.dir/Drivers/STM32F1xx_HAL_Driver/Src/stm32f1xx_hal_tim.c.obj
                0x08003c3c                HAL_TIM_PWM_PulseFinishedCallback
 .text.HAL_TIM_TriggerCallback
                0x08003c3e        0x2 CMakeFiles/mop_robot.elf.dir/Drivers/STM32F1xx_HAL_Driver/Src/stm32f1xx_hal_tim.c.obj
                0x08003c3e                HAL_TIM_TriggerCallback
 .text.HAL_TIM_IRQHandler
                0x08003c40      0x17a CMakeFiles/mop_robot.elf.dir/Drivers/STM32F1xx_HAL_Driver/Src/stm32f1xx_hal_tim.c.obj
                0x08003c40                HAL_TIM_IRQHandler
 *fill*         0x08003dba        0x2 
 .text.TIM_Base_SetConfig
                0x08003dbc       0x74 CMakeFiles/mop_robot.elf.dir/Drivers/STM32F1xx_HAL_Driver/Src/stm32f1xx_hal_tim.c.obj
                0x08003dbc                TIM_Base_SetConfig
 .text.HAL_TIM_Base_Init
                0x08003e30       0x58 CMakeFiles/mop_robot.elf.dir/Drivers/STM32F1xx_HAL_Driver/Src/stm32f1xx_hal_tim.c.obj
                0x08003e30                HAL_TIM_Base_Init
 .text.HAL_TIM_PWM_Init
                0x08003e88       0x58 CMakeFiles/mop_robot.elf.dir/Drivers/STM32F1xx_HAL_Driver/Src/stm32f1xx_hal_tim.c.obj
                0x08003e88                HAL_TIM_PWM_Init
 .text.HAL_TIM_Encoder_Init
                0x08003ee0       0xb0 CMakeFiles/mop_robot.elf.dir/Drivers/STM32F1xx_HAL_Driver/Src/stm32f1xx_hal_tim.c.obj
                0x08003ee0                HAL_TIM_Encoder_Init
 .text.TIM_OC2_SetConfig
                0x08003f90       0x64 CMakeFiles/mop_robot.elf.dir/Drivers/STM32F1xx_HAL_Driver/Src/stm32f1xx_hal_tim.c.obj
                0x08003f90                TIM_OC2_SetConfig
 .text.HAL_TIM_PWM_ConfigChannel
                0x08003ff4       0xd0 CMakeFiles/mop_robot.elf.dir/Drivers/STM32F1xx_HAL_Driver/Src/stm32f1xx_hal_tim.c.obj
                0x08003ff4                HAL_TIM_PWM_ConfigChannel
 .text.TIM_ETR_SetConfig
                0x080040c4       0x16 CMakeFiles/mop_robot.elf.dir/Drivers/STM32F1xx_HAL_Driver/Src/stm32f1xx_hal_tim.c.obj
                0x080040c4                TIM_ETR_SetConfig
 .text.HAL_TIM_ConfigClockSource
                0x080040da       0xda CMakeFiles/mop_robot.elf.dir/Drivers/STM32F1xx_HAL_Driver/Src/stm32f1xx_hal_tim.c.obj
                0x080040da                HAL_TIM_ConfigClockSource
 .text.TIM_CCxChannelCmd
                0x080041b4       0x22 CMakeFiles/mop_robot.elf.dir/Drivers/STM32F1xx_HAL_Driver/Src/stm32f1xx_hal_tim.c.obj
                0x080041b4                TIM_CCxChannelCmd
 *fill*         0x080041d6        0x2 
 .text.HAL_TIM_PWM_Start
                0x080041d8       0xdc CMakeFiles/mop_robot.elf.dir/Drivers/STM32F1xx_HAL_Driver/Src/stm32f1xx_hal_tim.c.obj
                0x080041d8                HAL_TIM_PWM_Start
 .text.HAL_TIM_Encoder_Start
                0x080042b4       0xc6 CMakeFiles/mop_robot.elf.dir/Drivers/STM32F1xx_HAL_Driver/Src/stm32f1xx_hal_tim.c.obj
                0x080042b4                HAL_TIM_Encoder_Start
 *fill*         0x0800437a        0x2 
 .text.HAL_TIMEx_MasterConfigSynchronization
                0x0800437c       0x68 CMakeFiles/mop_robot.elf.dir/Drivers/STM32F1xx_HAL_Driver/Src/stm32f1xx_hal_tim_ex.c.obj
                0x0800437c                HAL_TIMEx_MasterConfigSynchronization
 .text.HAL_TIMEx_CommutCallback
                0x080043e4        0x2 CMakeFiles/mop_robot.elf.dir/Drivers/STM32F1xx_HAL_Driver/Src/stm32f1xx_hal_tim_ex.c.obj
                0x080043e4                HAL_TIMEx_CommutCallback
 .text.HAL_TIMEx_BreakCallback
                0x080043e6        0x2 CMakeFiles/mop_robot.elf.dir/Drivers/STM32F1xx_HAL_Driver/Src/stm32f1xx_hal_tim_ex.c.obj
                0x080043e6                HAL_TIMEx_BreakCallback
 .text.UART_EndRxTransfer
                0x080043e8       0x32 CMakeFiles/mop_robot.elf.dir/Drivers/STM32F1xx_HAL_Driver/Src/stm32f1xx_hal_uart.c.obj
 .text.UART_Transmit_IT
                0x0800441a       0x60 CMakeFiles/mop_robot.elf.dir/Drivers/STM32F1xx_HAL_Driver/Src/stm32f1xx_hal_uart.c.obj
 *fill*         0x0800447a        0x2 
 .text.UART_SetConfig
                0x0800447c       0x90 CMakeFiles/mop_robot.elf.dir/Drivers/STM32F1xx_HAL_Driver/Src/stm32f1xx_hal_uart.c.obj
 .text.UART_WaitOnFlagUntilTimeout
                0x0800450c       0x68 CMakeFiles/mop_robot.elf.dir/Drivers/STM32F1xx_HAL_Driver/Src/stm32f1xx_hal_uart.c.obj
 .text.HAL_UART_Init
                0x08004574       0x5e CMakeFiles/mop_robot.elf.dir/Drivers/STM32F1xx_HAL_Driver/Src/stm32f1xx_hal_uart.c.obj
                0x08004574                HAL_UART_Init
 .text.HAL_UART_Transmit
                0x080045d2       0xd8 CMakeFiles/mop_robot.elf.dir/Drivers/STM32F1xx_HAL_Driver/Src/stm32f1xx_hal_uart.c.obj
                0x080045d2                HAL_UART_Transmit
 .text.HAL_UART_TxCpltCallback
                0x080046aa        0x2 CMakeFiles/mop_robot.elf.dir/Drivers/STM32F1xx_HAL_Driver/Src/stm32f1xx_hal_uart.c.obj
                0x080046aa                HAL_UART_TxCpltCallback
 .text.UART_EndTransmit_IT
                0x080046ac       0x1a CMakeFiles/mop_robot.elf.dir/Drivers/STM32F1xx_HAL_Driver/Src/stm32f1xx_hal_uart.c.obj
 .text.HAL_UART_ErrorCallback
                0x080046c6        0x2 CMakeFiles/mop_robot.elf.dir/Drivers/STM32F1xx_HAL_Driver/Src/stm32f1xx_hal_uart.c.obj
                0x080046c6                HAL_UART_ErrorCallback
 .text.UART_DMAAbortOnError
                0x080046c8       0x10 CMakeFiles/mop_robot.elf.dir/Drivers/STM32F1xx_HAL_Driver/Src/stm32f1xx_hal_uart.c.obj
 .text.HAL_UARTEx_RxEventCallback
                0x080046d8        0x2 CMakeFiles/mop_robot.elf.dir/Drivers/STM32F1xx_HAL_Driver/Src/stm32f1xx_hal_uart.c.obj
                0x080046d8                HAL_UARTEx_RxEventCallback
 .text.UART_Receive_IT
                0x080046da       0xd4 CMakeFiles/mop_robot.elf.dir/Drivers/STM32F1xx_HAL_Driver/Src/stm32f1xx_hal_uart.c.obj
 *fill*         0x080047ae        0x2 
 .text.HAL_UART_IRQHandler
                0x080047b0      0x204 CMakeFiles/mop_robot.elf.dir/Drivers/STM32F1xx_HAL_Driver/Src/stm32f1xx_hal_uart.c.obj
                0x080047b0                HAL_UART_IRQHandler
 .text.UART_Start_Receive_IT
                0x080049b4       0x36 CMakeFiles/mop_robot.elf.dir/Drivers/STM32F1xx_HAL_Driver/Src/stm32f1xx_hal_uart.c.obj
                0x080049b4                UART_Start_Receive_IT
 .text.HAL_UART_Receive_IT
                0x080049ea       0x38 CMakeFiles/mop_robot.elf.dir/Drivers/STM32F1xx_HAL_Driver/Src/stm32f1xx_hal_uart.c.obj
                0x080049ea                HAL_UART_Receive_IT
 *fill*         0x08004a22        0x2 
 .text.Reset_Handler
                0x08004a24       0x48 CMakeFiles/mop_robot.elf.dir/startup/startup_stm32f103xb.s.obj
                0x08004a24                Reset_Handler
 .text.Default_Handler
                0x08004a6c        0x2 CMakeFiles/mop_robot.elf.dir/startup/startup_stm32f103xb.s.obj
                0x08004a6c                RTC_Alarm_IRQHandler
                0x08004a6c                EXTI2_IRQHandler
                0x08004a6c                TIM1_CC_IRQHandler
                0x08004a6c                PVD_IRQHandler
                0x08004a6c                EXTI3_IRQHandler
                0x08004a6c                EXTI0_IRQHandler
                0x08004a6c                I2C2_EV_IRQHandler
                0x08004a6c                ADC1_2_IRQHandler
                0x08004a6c                SPI1_IRQHandler
                0x08004a6c                TAMPER_IRQHandler
                0x08004a6c                DMA1_Channel4_IRQHandler
                0x08004a6c                USART3_IRQHandler
                0x08004a6c                RTC_IRQHandler
                0x08004a6c                DMA1_Channel7_IRQHandler
                0x08004a6c                CAN1_RX1_IRQHandler
                0x08004a6c                I2C1_EV_IRQHandler
                0x08004a6c                DMA1_Channel6_IRQHandler
                0x08004a6c                RCC_IRQHandler
                0x08004a6c                TIM1_TRG_COM_IRQHandler
                0x08004a6c                DMA1_Channel1_IRQHandler
                0x08004a6c                Default_Handler
                0x08004a6c                EXTI15_10_IRQHandler
                0x08004a6c                EXTI9_5_IRQHandler
                0x08004a6c                SPI2_IRQHandler
                0x08004a6c                DMA1_Channel5_IRQHandler
                0x08004a6c                EXTI4_IRQHandler
                0x08004a6c                USB_LP_CAN1_RX0_IRQHandler
                0x08004a6c                USB_HP_CAN1_TX_IRQHandler
                0x08004a6c                DMA1_Channel3_IRQHandler
                0x08004a6c                WWDG_IRQHandler
                0x08004a6c                TIM1_BRK_IRQHandler
                0x08004a6c                EXTI1_IRQHandler
                0x08004a6c                I2C2_ER_IRQHandler
                0x08004a6c                DMA1_Channel2_IRQHandler
                0x08004a6c                CAN1_SCE_IRQHandler
                0x08004a6c                FLASH_IRQHandler
                0x08004a6c                USART1_IRQHandler
                0x08004a6c                I2C1_ER_IRQHandler
                0x08004a6c                USBWakeUp_IRQHandler
 *fill*         0x08004a6e        0x2 
 .text.__errno  0x08004a70        0xc d:/stm32_file/gcc-arm-none-eabi-9-2019-q4-major-win32/bin/../lib/gcc/arm-none-eabi/9.2.1/../../../../arm-none-eabi/lib/thumb/v7-m/nofp\libg.a(lib_a-errno.o)
                0x08004a70                __errno
 .text.__libc_init_array
                0x08004a7c       0x48 d:/stm32_file/gcc-arm-none-eabi-9-2019-q4-major-win32/bin/../lib/gcc/arm-none-eabi/9.2.1/../../../../arm-none-eabi/lib/thumb/v7-m/nofp\libg.a(lib_a-init.o)
                0x08004a7c                __libc_init_array
 .text.memset   0x08004ac4       0xa0 d:/stm32_file/gcc-arm-none-eabi-9-2019-q4-major-win32/bin/../lib/gcc/arm-none-eabi/9.2.1/../../../../arm-none-eabi/lib/thumb/v7-m/nofp\libg.a(lib_a-memset.o)
                0x08004ac4                memset
 .text.sprintf  0x08004b64       0x44 d:/stm32_file/gcc-arm-none-eabi-9-2019-q4-major-win32/bin/../lib/gcc/arm-none-eabi/9.2.1/../../../../arm-none-eabi/lib/thumb/v7-m/nofp\libg.a(lib_a-sprintf.o)
                0x08004b64                sprintf
 .text.strlen   0x08004ba8       0x5c d:/stm32_file/gcc-arm-none-eabi-9-2019-q4-major-win32/bin/../lib/gcc/arm-none-eabi/9.2.1/../../../../arm-none-eabi/lib/thumb/v7-m/nofp\libg.a(lib_a-strlen-stub.o)
                0x08004ba8                strlen
 .text._svfprintf_r
                0x08004c04     0x1b50 d:/stm32_file/gcc-arm-none-eabi-9-2019-q4-major-win32/bin/../lib/gcc/arm-none-eabi/9.2.1/../../../../arm-none-eabi/lib/thumb/v7-m/nofp\libg.a(lib_a-svfprintf.o)
                0x08004c04                _svfprintf_r
 .text.startup.register_fini
                0x08006754       0x14 d:/stm32_file/gcc-arm-none-eabi-9-2019-q4-major-win32/bin/../lib/gcc/arm-none-eabi/9.2.1/../../../../arm-none-eabi/lib/thumb/v7-m/nofp\libg.a(lib_a-__call_atexit.o)
 .text.atexit   0x08006768        0xc d:/stm32_file/gcc-arm-none-eabi-9-2019-q4-major-win32/bin/../lib/gcc/arm-none-eabi/9.2.1/../../../../arm-none-eabi/lib/thumb/v7-m/nofp\libg.a(lib_a-atexit.o)
                0x08006768                atexit
 .text.quorem   0x08006774      0x120 d:/stm32_file/gcc-arm-none-eabi-9-2019-q4-major-win32/bin/../lib/gcc/arm-none-eabi/9.2.1/../../../../arm-none-eabi/lib/thumb/v7-m/nofp\libg.a(lib_a-dtoa.o)
 *fill*         0x08006894        0x4 
 .text._dtoa_r  0x08006898      0xe8c d:/stm32_file/gcc-arm-none-eabi-9-2019-q4-major-win32/bin/../lib/gcc/arm-none-eabi/9.2.1/../../../../arm-none-eabi/lib/thumb/v7-m/nofp\libg.a(lib_a-dtoa.o)
                0x08006898                _dtoa_r
 .text.__libc_fini_array
                0x08007724       0x2c d:/stm32_file/gcc-arm-none-eabi-9-2019-q4-major-win32/bin/../lib/gcc/arm-none-eabi/9.2.1/../../../../arm-none-eabi/lib/thumb/v7-m/nofp\libg.a(lib_a-fini.o)
                0x08007724                __libc_fini_array
 .text._malloc_trim_r
                0x08007750       0xa0 d:/stm32_file/gcc-arm-none-eabi-9-2019-q4-major-win32/bin/../lib/gcc/arm-none-eabi/9.2.1/../../../../arm-none-eabi/lib/thumb/v7-m/nofp\libg.a(lib_a-freer.o)
                0x08007750                _malloc_trim_r
 .text._free_r  0x080077f0      0x20c d:/stm32_file/gcc-arm-none-eabi-9-2019-q4-major-win32/bin/../lib/gcc/arm-none-eabi/9.2.1/../../../../arm-none-eabi/lib/thumb/v7-m/nofp\libg.a(lib_a-freer.o)
                0x080077f0                _free_r
 .text._localeconv_r
                0x080079fc        0x8 d:/stm32_file/gcc-arm-none-eabi-9-2019-q4-major-win32/bin/../lib/gcc/arm-none-eabi/9.2.1/../../../../arm-none-eabi/lib/thumb/v7-m/nofp\libg.a(lib_a-localeconv.o)
                0x080079fc                _localeconv_r
 .text.__retarget_lock_acquire_recursive
                0x08007a04        0x4 d:/stm32_file/gcc-arm-none-eabi-9-2019-q4-major-win32/bin/../lib/gcc/arm-none-eabi/9.2.1/../../../../arm-none-eabi/lib/thumb/v7-m/nofp\libg.a(lib_a-lock.o)
                0x08007a04                __retarget_lock_acquire_recursive
 .text.__retarget_lock_release_recursive
                0x08007a08        0x4 d:/stm32_file/gcc-arm-none-eabi-9-2019-q4-major-win32/bin/../lib/gcc/arm-none-eabi/9.2.1/../../../../arm-none-eabi/lib/thumb/v7-m/nofp\libg.a(lib_a-lock.o)
                0x08007a08                __retarget_lock_release_recursive
 .text._malloc_r
                0x08007a0c      0x55c d:/stm32_file/gcc-arm-none-eabi-9-2019-q4-major-win32/bin/../lib/gcc/arm-none-eabi/9.2.1/../../../../arm-none-eabi/lib/thumb/v7-m/nofp\libg.a(lib_a-mallocr.o)
                0x08007a0c                _malloc_r
 .text.memchr   0x08007f68       0x80 d:/stm32_file/gcc-arm-none-eabi-9-2019-q4-major-win32/bin/../lib/gcc/arm-none-eabi/9.2.1/../../../../arm-none-eabi/lib/thumb/v7-m/nofp\libg.a(lib_a-memchr-stub.o)
                0x08007f68                memchr
 .text.memmove  0x08007fe8       0xd4 d:/stm32_file/gcc-arm-none-eabi-9-2019-q4-major-win32/bin/../lib/gcc/arm-none-eabi/9.2.1/../../../../arm-none-eabi/lib/thumb/v7-m/nofp\libg.a(lib_a-memmove.o)
                0x08007fe8                memmove
 .text.__malloc_lock
                0x080080bc        0xc d:/stm32_file/gcc-arm-none-eabi-9-2019-q4-major-win32/bin/../lib/gcc/arm-none-eabi/9.2.1/../../../../arm-none-eabi/lib/thumb/v7-m/nofp\libg.a(lib_a-mlock.o)
                0x080080bc                __malloc_lock
 .text.__malloc_unlock
                0x080080c8        0xc d:/stm32_file/gcc-arm-none-eabi-9-2019-q4-major-win32/bin/../lib/gcc/arm-none-eabi/9.2.1/../../../../arm-none-eabi/lib/thumb/v7-m/nofp\libg.a(lib_a-mlock.o)
                0x080080c8                __malloc_unlock
 .text._Balloc  0x080080d4       0x4c d:/stm32_file/gcc-arm-none-eabi-9-2019-q4-major-win32/bin/../lib/gcc/arm-none-eabi/9.2.1/../../../../arm-none-eabi/lib/thumb/v7-m/nofp\libg.a(lib_a-mprec.o)
                0x080080d4                _Balloc
 .text._Bfree   0x08008120       0x14 d:/stm32_file/gcc-arm-none-eabi-9-2019-q4-major-win32/bin/../lib/gcc/arm-none-eabi/9.2.1/../../../../arm-none-eabi/lib/thumb/v7-m/nofp\libg.a(lib_a-mprec.o)
                0x08008120                _Bfree
 .text.__multadd
                0x08008134       0x7c d:/stm32_file/gcc-arm-none-eabi-9-2019-q4-major-win32/bin/../lib/gcc/arm-none-eabi/9.2.1/../../../../arm-none-eabi/lib/thumb/v7-m/nofp\libg.a(lib_a-mprec.o)
                0x08008134                __multadd
 .text.__hi0bits
                0x080081b0       0x40 d:/stm32_file/gcc-arm-none-eabi-9-2019-q4-major-win32/bin/../lib/gcc/arm-none-eabi/9.2.1/../../../../arm-none-eabi/lib/thumb/v7-m/nofp\libg.a(lib_a-mprec.o)
                0x080081b0                __hi0bits
 .text.__lo0bits
                0x080081f0       0x60 d:/stm32_file/gcc-arm-none-eabi-9-2019-q4-major-win32/bin/../lib/gcc/arm-none-eabi/9.2.1/../../../../arm-none-eabi/lib/thumb/v7-m/nofp\libg.a(lib_a-mprec.o)
                0x080081f0                __lo0bits
 .text.__i2b    0x08008250       0x14 d:/stm32_file/gcc-arm-none-eabi-9-2019-q4-major-win32/bin/../lib/gcc/arm-none-eabi/9.2.1/../../../../arm-none-eabi/lib/thumb/v7-m/nofp\libg.a(lib_a-mprec.o)
                0x08008250                __i2b
 .text.__multiply
                0x08008264      0x144 d:/stm32_file/gcc-arm-none-eabi-9-2019-q4-major-win32/bin/../lib/gcc/arm-none-eabi/9.2.1/../../../../arm-none-eabi/lib/thumb/v7-m/nofp\libg.a(lib_a-mprec.o)
                0x08008264                __multiply
 .text.__pow5mult
                0x080083a8       0xa0 d:/stm32_file/gcc-arm-none-eabi-9-2019-q4-major-win32/bin/../lib/gcc/arm-none-eabi/9.2.1/../../../../arm-none-eabi/lib/thumb/v7-m/nofp\libg.a(lib_a-mprec.o)
                0x080083a8                __pow5mult
 .text.__lshift
                0x08008448       0xd0 d:/stm32_file/gcc-arm-none-eabi-9-2019-q4-major-win32/bin/../lib/gcc/arm-none-eabi/9.2.1/../../../../arm-none-eabi/lib/thumb/v7-m/nofp\libg.a(lib_a-mprec.o)
                0x08008448                __lshift
 .text.__mcmp   0x08008518       0x3c d:/stm32_file/gcc-arm-none-eabi-9-2019-q4-major-win32/bin/../lib/gcc/arm-none-eabi/9.2.1/../../../../arm-none-eabi/lib/thumb/v7-m/nofp\libg.a(lib_a-mprec.o)
                0x08008518                __mcmp
 .text.__mdiff  0x08008554      0x138 d:/stm32_file/gcc-arm-none-eabi-9-2019-q4-major-win32/bin/../lib/gcc/arm-none-eabi/9.2.1/../../../../arm-none-eabi/lib/thumb/v7-m/nofp\libg.a(lib_a-mprec.o)
                0x08008554                __mdiff
 .text.__d2b    0x0800868c       0xa8 d:/stm32_file/gcc-arm-none-eabi-9-2019-q4-major-win32/bin/../lib/gcc/arm-none-eabi/9.2.1/../../../../arm-none-eabi/lib/thumb/v7-m/nofp\libg.a(lib_a-mprec.o)
                0x0800868c                __d2b
 .text._realloc_r
                0x08008734      0x3e0 d:/stm32_file/gcc-arm-none-eabi-9-2019-q4-major-win32/bin/../lib/gcc/arm-none-eabi/9.2.1/../../../../arm-none-eabi/lib/thumb/v7-m/nofp\libg.a(lib_a-reallocr.o)
                0x08008734                _realloc_r
 .text.frexp    0x08008b14       0x70 d:/stm32_file/gcc-arm-none-eabi-9-2019-q4-major-win32/bin/../lib/gcc/arm-none-eabi/9.2.1/../../../../arm-none-eabi/lib/thumb/v7-m/nofp\libg.a(lib_a-s_frexp.o)
                0x08008b14                frexp
 .text._sbrk_r  0x08008b84       0x24 d:/stm32_file/gcc-arm-none-eabi-9-2019-q4-major-win32/bin/../lib/gcc/arm-none-eabi/9.2.1/../../../../arm-none-eabi/lib/thumb/v7-m/nofp\libg.a(lib_a-sbrkr.o)
                0x08008b84                _sbrk_r
 .text.strncpy  0x08008ba8       0x68 d:/stm32_file/gcc-arm-none-eabi-9-2019-q4-major-win32/bin/../lib/gcc/arm-none-eabi/9.2.1/../../../../arm-none-eabi/lib/thumb/v7-m/nofp\libg.a(lib_a-strncpy.o)
                0x08008ba8                strncpy
 .text.__ssprint_r
                0x08008c10       0xf8 d:/stm32_file/gcc-arm-none-eabi-9-2019-q4-major-win32/bin/../lib/gcc/arm-none-eabi/9.2.1/../../../../arm-none-eabi/lib/thumb/v7-m/nofp\libg.a(lib_a-svfiprintf.o)
                0x08008c10                __ssprint_r
 .text.__register_exitproc
                0x08008d08       0x8c d:/stm32_file/gcc-arm-none-eabi-9-2019-q4-major-win32/bin/../lib/gcc/arm-none-eabi/9.2.1/../../../../arm-none-eabi/lib/thumb/v7-m/nofp\libg.a(lib_a-__atexit.o)
                0x08008d08                __register_exitproc
 .text._calloc_r
                0x08008d94       0x60 d:/stm32_file/gcc-arm-none-eabi-9-2019-q4-major-win32/bin/../lib/gcc/arm-none-eabi/9.2.1/../../../../arm-none-eabi/lib/thumb/v7-m/nofp\libg.a(lib_a-callocr.o)
                0x08008d94                _calloc_r
 .text.__ascii_mbtowc
                0x08008df4       0x2c d:/stm32_file/gcc-arm-none-eabi-9-2019-q4-major-win32/bin/../lib/gcc/arm-none-eabi/9.2.1/../../../../arm-none-eabi/lib/thumb/v7-m/nofp\libg.a(lib_a-mbtowc_r.o)
                0x08008df4                __ascii_mbtowc
 .text.__ascii_wctomb
                0x08008e20       0x1c d:/stm32_file/gcc-arm-none-eabi-9-2019-q4-major-win32/bin/../lib/gcc/arm-none-eabi/9.2.1/../../../../arm-none-eabi/lib/thumb/v7-m/nofp\libg.a(lib_a-wctomb_r.o)
                0x08008e20                __ascii_wctomb
 *(.glue_7)
 .glue_7        0x08008e3c        0x0 linker stubs
 *(.glue_7t)
 .glue_7t       0x08008e3c        0x0 linker stubs
 *(.eh_frame)
 .eh_frame      0x08008e3c        0x0 d:/stm32_file/gcc-arm-none-eabi-9-2019-q4-major-win32/bin/../lib/gcc/arm-none-eabi/9.2.1/thumb/v7-m/nofp/crtbegin.o
 *(.init)
 .init          0x08008e3c        0x4 d:/stm32_file/gcc-arm-none-eabi-9-2019-q4-major-win32/bin/../lib/gcc/arm-none-eabi/9.2.1/thumb/v7-m/nofp/crti.o
                0x08008e3c                _init
 .init          0x08008e40        0x8 d:/stm32_file/gcc-arm-none-eabi-9-2019-q4-major-win32/bin/../lib/gcc/arm-none-eabi/9.2.1/thumb/v7-m/nofp/crtn.o
 *(.fini)
 .fini          0x08008e48        0x4 d:/stm32_file/gcc-arm-none-eabi-9-2019-q4-major-win32/bin/../lib/gcc/arm-none-eabi/9.2.1/thumb/v7-m/nofp/crti.o
                0x08008e48                _fini
 .fini          0x08008e4c        0x8 d:/stm32_file/gcc-arm-none-eabi-9-2019-q4-major-win32/bin/../lib/gcc/arm-none-eabi/9.2.1/thumb/v7-m/nofp/crtn.o
                0x08008e54                . = ALIGN (0x4)
                0x08008e54                _etext = .

.vfp11_veneer   0x08008e54        0x0
 .vfp11_veneer  0x08008e54        0x0 linker stubs

.v4_bx          0x08008e54        0x0
 .v4_bx         0x08008e54        0x0 linker stubs

.iplt           0x08008e54        0x0
 .iplt          0x08008e54        0x0 d:/stm32_file/gcc-arm-none-eabi-9-2019-q4-major-win32/bin/../lib/gcc/arm-none-eabi/9.2.1/thumb/v7-m/nofp/crtbegin.o

.rodata         0x08008e58      0xae0
                0x08008e58                . = ALIGN (0x4)
 *(.rodata)
 *(.rodata*)
 .rodata.AHBPrescTable
                0x08008e58       0x10 CMakeFiles/mop_robot.elf.dir/Core/Src/system_stm32f1xx.c.obj
                0x08008e58                AHBPrescTable
 .rodata.APBPrescTable
                0x08008e68        0x8 CMakeFiles/mop_robot.elf.dir/Core/Src/system_stm32f1xx.c.obj
                0x08008e68                APBPrescTable
 .rodata.left_speed_compute.str1.4
                0x08008e70        0xc CMakeFiles/mop_robot.elf.dir/Drivers/HARDWARE/motor.c.obj
 .rodata.right_speed_compute.str1.4
                0x08008e7c        0xc CMakeFiles/mop_robot.elf.dir/Drivers/HARDWARE/motor.c.obj
 .rodata.F6x8   0x08008e88      0x228 CMakeFiles/mop_robot.elf.dir/Drivers/HARDWARE/oled.c.obj
                0x08008e88                F6x8
 .rodata.F8X16  0x080090b0      0x5e0 CMakeFiles/mop_robot.elf.dir/Drivers/HARDWARE/oled.c.obj
                0x080090b0                F8X16
 .rodata.RS100_Read.str1.4
                0x08009690        0x7 CMakeFiles/mop_robot.elf.dir/Drivers/HARDWARE/rs100.c.obj
 *fill*         0x08009697        0x1 
 .rodata.HAL_RCC_GetSysClockFreq.str1.4
                0x08009698       0x11 CMakeFiles/mop_robot.elf.dir/Drivers/STM32F1xx_HAL_Driver/Src/stm32f1xx_hal_rcc.c.obj
 *fill*         0x080096a9        0x3 
 .rodata._global_impure_ptr
                0x080096ac        0x4 d:/stm32_file/gcc-arm-none-eabi-9-2019-q4-major-win32/bin/../lib/gcc/arm-none-eabi/9.2.1/../../../../arm-none-eabi/lib/thumb/v7-m/nofp\libg.a(lib_a-impure.o)
                0x080096ac                _global_impure_ptr
 .rodata._svfprintf_r.str1.4
                0x080096b0       0x42 d:/stm32_file/gcc-arm-none-eabi-9-2019-q4-major-win32/bin/../lib/gcc/arm-none-eabi/9.2.1/../../../../arm-none-eabi/lib/thumb/v7-m/nofp\libg.a(lib_a-svfprintf.o)
 *fill*         0x080096f2        0x2 
 .rodata.blanks.7345
                0x080096f4       0x10 d:/stm32_file/gcc-arm-none-eabi-9-2019-q4-major-win32/bin/../lib/gcc/arm-none-eabi/9.2.1/../../../../arm-none-eabi/lib/thumb/v7-m/nofp\libg.a(lib_a-svfprintf.o)
 .rodata.zeroes.7346
                0x08009704       0x10 d:/stm32_file/gcc-arm-none-eabi-9-2019-q4-major-win32/bin/../lib/gcc/arm-none-eabi/9.2.1/../../../../arm-none-eabi/lib/thumb/v7-m/nofp\libg.a(lib_a-svfprintf.o)
 .rodata._dtoa_r.str1.4
                0x08009714        0xd d:/stm32_file/gcc-arm-none-eabi-9-2019-q4-major-win32/bin/../lib/gcc/arm-none-eabi/9.2.1/../../../../arm-none-eabi/lib/thumb/v7-m/nofp\libg.a(lib_a-dtoa.o)
                                 0x12 (size before relaxing)
 *fill*         0x08009721        0x7 
 .rodata.__mprec_bigtens
                0x08009728       0x28 d:/stm32_file/gcc-arm-none-eabi-9-2019-q4-major-win32/bin/../lib/gcc/arm-none-eabi/9.2.1/../../../../arm-none-eabi/lib/thumb/v7-m/nofp\libg.a(lib_a-mprec.o)
                0x08009728                __mprec_bigtens
 .rodata.__mprec_tens
                0x08009750       0xc8 d:/stm32_file/gcc-arm-none-eabi-9-2019-q4-major-win32/bin/../lib/gcc/arm-none-eabi/9.2.1/../../../../arm-none-eabi/lib/thumb/v7-m/nofp\libg.a(lib_a-mprec.o)
                0x08009750                __mprec_tens
 .rodata.p05.6115
                0x08009818        0xc d:/stm32_file/gcc-arm-none-eabi-9-2019-q4-major-win32/bin/../lib/gcc/arm-none-eabi/9.2.1/../../../../arm-none-eabi/lib/thumb/v7-m/nofp\libg.a(lib_a-mprec.o)
 .rodata._setlocale_r.str1.4
                0x08009824        0xa d:/stm32_file/gcc-arm-none-eabi-9-2019-q4-major-win32/bin/../lib/gcc/arm-none-eabi/9.2.1/../../../../arm-none-eabi/lib/thumb/v7-m/nofp\libg.a(lib_a-locale.o)
                                  0xd (size before relaxing)
 *fill*         0x0800982e        0x2 
 .rodata.str1.4
                0x08009830        0x2 d:/stm32_file/gcc-arm-none-eabi-9-2019-q4-major-win32/bin/../lib/gcc/arm-none-eabi/9.2.1/../../../../arm-none-eabi/lib/thumb/v7-m/nofp\libg.a(lib_a-locale.o)
 *fill*         0x08009832        0x2 
 .rodata._ctype_
                0x08009834      0x101 d:/stm32_file/gcc-arm-none-eabi-9-2019-q4-major-win32/bin/../lib/gcc/arm-none-eabi/9.2.1/../../../../arm-none-eabi/lib/thumb/v7-m/nofp\libg.a(lib_a-ctype_.o)
                0x08009834                _ctype_
                0x08009938                . = ALIGN (0x4)
 *fill*         0x08009935        0x3 

.ARM.extab
 *(.ARM.extab* .gnu.linkonce.armextab.*)

.ARM            0x08009938        0x8
                0x08009938                __exidx_start = .
 *(.ARM.exidx*)
 .ARM.exidx     0x08009938        0x8 d:/stm32_file/gcc-arm-none-eabi-9-2019-q4-major-win32/bin/../lib/gcc/arm-none-eabi/9.2.1/thumb/v7-m/nofp\libgcc.a(_udivmoddi4.o)
                0x08009940                __exidx_end = .

.rel.dyn        0x08009940        0x0
 .rel.iplt      0x08009940        0x0 d:/stm32_file/gcc-arm-none-eabi-9-2019-q4-major-win32/bin/../lib/gcc/arm-none-eabi/9.2.1/thumb/v7-m/nofp/crtbegin.o

.preinit_array  0x08009940        0x0
                0x08009940                PROVIDE (__preinit_array_start = .)
 *(.preinit_array*)
                0x08009940                PROVIDE (__preinit_array_end = .)

.init_array     0x08009940        0x8
                0x08009940                PROVIDE (__init_array_start = .)
 *(SORT_BY_NAME(.init_array.*))
 .init_array.00000
                0x08009940        0x4 d:/stm32_file/gcc-arm-none-eabi-9-2019-q4-major-win32/bin/../lib/gcc/arm-none-eabi/9.2.1/../../../../arm-none-eabi/lib/thumb/v7-m/nofp\libg.a(lib_a-__call_atexit.o)
 *(.init_array*)
 .init_array    0x08009944        0x4 d:/stm32_file/gcc-arm-none-eabi-9-2019-q4-major-win32/bin/../lib/gcc/arm-none-eabi/9.2.1/thumb/v7-m/nofp/crtbegin.o
                0x08009948                PROVIDE (__init_array_end = .)

.fini_array     0x08009948        0x4
                0x08009948                PROVIDE (__fini_array_start = .)
 *(SORT_BY_NAME(.fini_array.*))
 *(.fini_array*)
 .fini_array    0x08009948        0x4 d:/stm32_file/gcc-arm-none-eabi-9-2019-q4-major-win32/bin/../lib/gcc/arm-none-eabi/9.2.1/thumb/v7-m/nofp/crtbegin.o
                0x0800994c                PROVIDE (__fini_array_end = .)
                0x0800994c                _sidata = LOADADDR (.data)

.data           0x20000000      0x9f0 load address 0x0800994c
                0x20000000                . = ALIGN (0x4)
                0x20000000                _sdata = .
 *(.data)
 *(.data*)
 .data.left_flag
                0x20000000        0x1 CMakeFiles/mop_robot.elf.dir/Core/Src/main.c.obj
                0x20000000                left_flag
 *fill*         0x20000001        0x3 
 .data.SystemCoreClock
                0x20000004        0x4 CMakeFiles/mop_robot.elf.dir/Core/Src/system_stm32f1xx.c.obj
                0x20000004                SystemCoreClock
 .data.CMD_Data
                0x20000008       0x1b CMakeFiles/mop_robot.elf.dir/Drivers/HARDWARE/oled.c.obj
                0x20000008                CMD_Data
 *fill*         0x20000023        0x1 
 .data.Show2    0x20000024       0x14 CMakeFiles/mop_robot.elf.dir/Drivers/HARDWARE/rs100.c.obj
                0x20000024                Show2
 .data.Tx_data  0x20000038        0x1 CMakeFiles/mop_robot.elf.dir/Drivers/HARDWARE/rs100.c.obj
                0x20000038                Tx_data
 .data.uwTickFreq
                0x20000039        0x1 CMakeFiles/mop_robot.elf.dir/Drivers/STM32F1xx_HAL_Driver/Src/stm32f1xx_hal.c.obj
                0x20000039                uwTickFreq
 *fill*         0x2000003a        0x2 
 .data.uwTickPrio
                0x2000003c        0x4 CMakeFiles/mop_robot.elf.dir/Drivers/STM32F1xx_HAL_Driver/Src/stm32f1xx_hal.c.obj
                0x2000003c                uwTickPrio
 .data._impure_ptr
                0x20000040        0x4 d:/stm32_file/gcc-arm-none-eabi-9-2019-q4-major-win32/bin/../lib/gcc/arm-none-eabi/9.2.1/../../../../arm-none-eabi/lib/thumb/v7-m/nofp\libg.a(lib_a-impure.o)
                0x20000040                _impure_ptr
 *fill*         0x20000044        0x4 
 .data.impure_data
                0x20000048      0x428 d:/stm32_file/gcc-arm-none-eabi-9-2019-q4-major-win32/bin/../lib/gcc/arm-none-eabi/9.2.1/../../../../arm-none-eabi/lib/thumb/v7-m/nofp\libg.a(lib_a-impure.o)
 .data.__atexit_recursive_mutex
                0x20000470        0x4 d:/stm32_file/gcc-arm-none-eabi-9-2019-q4-major-win32/bin/../lib/gcc/arm-none-eabi/9.2.1/../../../../arm-none-eabi/lib/thumb/v7-m/nofp\libg.a(lib_a-__call_atexit.o)
                0x20000470                __atexit_recursive_mutex
 .data.__malloc_av_
                0x20000474      0x408 d:/stm32_file/gcc-arm-none-eabi-9-2019-q4-major-win32/bin/../lib/gcc/arm-none-eabi/9.2.1/../../../../arm-none-eabi/lib/thumb/v7-m/nofp\libg.a(lib_a-mallocr.o)
                0x20000474                __malloc_av_
 .data.__malloc_sbrk_base
                0x2000087c        0x4 d:/stm32_file/gcc-arm-none-eabi-9-2019-q4-major-win32/bin/../lib/gcc/arm-none-eabi/9.2.1/../../../../arm-none-eabi/lib/thumb/v7-m/nofp\libg.a(lib_a-mallocr.o)
                0x2000087c                __malloc_sbrk_base
 .data.__malloc_trim_threshold
                0x20000880        0x4 d:/stm32_file/gcc-arm-none-eabi-9-2019-q4-major-win32/bin/../lib/gcc/arm-none-eabi/9.2.1/../../../../arm-none-eabi/lib/thumb/v7-m/nofp\libg.a(lib_a-mallocr.o)
                0x20000880                __malloc_trim_threshold
 .data.__global_locale
                0x20000884      0x16c d:/stm32_file/gcc-arm-none-eabi-9-2019-q4-major-win32/bin/../lib/gcc/arm-none-eabi/9.2.1/../../../../arm-none-eabi/lib/thumb/v7-m/nofp\libg.a(lib_a-locale.o)
                0x20000884                __global_locale
                0x200009f0                . = ALIGN (0x4)
                0x200009f0                _edata = .

.igot.plt       0x200009f0        0x0 load address 0x0800a33c
 .igot.plt      0x200009f0        0x0 d:/stm32_file/gcc-arm-none-eabi-9-2019-q4-major-win32/bin/../lib/gcc/arm-none-eabi/9.2.1/thumb/v7-m/nofp/crtbegin.o
                0x200009f0                . = ALIGN (0x4)

.bss            0x200009f0      0x340 load address 0x0800a33c
                0x200009f0                _sbss = .
                0x200009f0                __bss_start__ = _sbss
 *(.bss)
 .bss           0x200009f0       0x1c d:/stm32_file/gcc-arm-none-eabi-9-2019-q4-major-win32/bin/../lib/gcc/arm-none-eabi/9.2.1/thumb/v7-m/nofp/crtbegin.o
 *(.bss*)
 .bss.hi2c1     0x20000a0c       0x54 CMakeFiles/mop_robot.elf.dir/Core/Src/i2c.c.obj
                0x20000a0c                hi2c1
 .bss.right_flag
                0x20000a60        0x1 CMakeFiles/mop_robot.elf.dir/Core/Src/main.c.obj
                0x20000a60                right_flag
 *fill*         0x20000a61        0x3 
 .bss.heap_end.6023
                0x20000a64        0x4 CMakeFiles/mop_robot.elf.dir/Core/Src/syscalls.c.obj
 .bss.htim1     0x20000a68       0x48 CMakeFiles/mop_robot.elf.dir/Core/Src/tim.c.obj
                0x20000a68                htim1
 .bss.htim2     0x20000ab0       0x48 CMakeFiles/mop_robot.elf.dir/Core/Src/tim.c.obj
                0x20000ab0                htim2
 .bss.htim3     0x20000af8       0x48 CMakeFiles/mop_robot.elf.dir/Core/Src/tim.c.obj
                0x20000af8                htim3
 .bss.htim4     0x20000b40       0x48 CMakeFiles/mop_robot.elf.dir/Core/Src/tim.c.obj
                0x20000b40                htim4
 .bss.huart2    0x20000b88       0x44 CMakeFiles/mop_robot.elf.dir/Core/Src/usart.c.obj
                0x20000b88                huart2
 .bss.fac_us    0x20000bcc        0x4 CMakeFiles/mop_robot.elf.dir/Drivers/HARDWARE/delay.c.obj
 .bss.counter   0x20000bd0        0x4 CMakeFiles/mop_robot.elf.dir/Drivers/HARDWARE/motor.c.obj
                0x20000bd0                counter
 .bss.g_encode_left
                0x20000bd4        0xc CMakeFiles/mop_robot.elf.dir/Drivers/HARDWARE/motor.c.obj
                0x20000bd4                g_encode_left
 .bss.g_encode_right
                0x20000be0        0xc CMakeFiles/mop_robot.elf.dir/Drivers/HARDWARE/motor.c.obj
                0x20000be0                g_encode_right
 .bss.g_motor_left
                0x20000bec        0x8 CMakeFiles/mop_robot.elf.dir/Drivers/HARDWARE/motor.c.obj
                0x20000bec                g_motor_left
 .bss.g_motor_right
                0x20000bf4        0x8 CMakeFiles/mop_robot.elf.dir/Drivers/HARDWARE/motor.c.obj
                0x20000bf4                g_motor_right
 .bss.g_tim1_encode_count
                0x20000bfc        0x4 CMakeFiles/mop_robot.elf.dir/Drivers/HARDWARE/motor.c.obj
                0x20000bfc                g_tim1_encode_count
 .bss.g_tim3_encode_count
                0x20000c00        0x4 CMakeFiles/mop_robot.elf.dir/Drivers/HARDWARE/motor.c.obj
                0x20000c00                g_tim3_encode_count
 .bss.k.7608    0x20000c04        0x1 CMakeFiles/mop_robot.elf.dir/Drivers/HARDWARE/motor.c.obj
 .bss.k2.7628   0x20000c05        0x1 CMakeFiles/mop_robot.elf.dir/Drivers/HARDWARE/motor.c.obj
 .bss.sp_count.7607
                0x20000c06        0x1 CMakeFiles/mop_robot.elf.dir/Drivers/HARDWARE/motor.c.obj
 .bss.sp_count2.7627
                0x20000c07        0x1 CMakeFiles/mop_robot.elf.dir/Drivers/HARDWARE/motor.c.obj
 .bss.speed_array.7609
                0x20000c08       0x28 CMakeFiles/mop_robot.elf.dir/Drivers/HARDWARE/motor.c.obj
 .bss.speed_array2.7629
                0x20000c30       0x28 CMakeFiles/mop_robot.elf.dir/Drivers/HARDWARE/motor.c.obj
 .bss.g_speed_pid_left
                0x20000c58       0x24 CMakeFiles/mop_robot.elf.dir/Drivers/HARDWARE/pid.c.obj
                0x20000c58                g_speed_pid_left
 .bss.g_speed_pid_right
                0x20000c7c       0x24 CMakeFiles/mop_robot.elf.dir/Drivers/HARDWARE/pid.c.obj
                0x20000c7c                g_speed_pid_right
 .bss.Data      0x20000ca0        0x8 CMakeFiles/mop_robot.elf.dir/Drivers/HARDWARE/rs100.c.obj
                0x20000ca0                Data
 .bss.HData     0x20000ca8        0x8 CMakeFiles/mop_robot.elf.dir/Drivers/HARDWARE/rs100.c.obj
                0x20000ca8                HData
 .bss.LData     0x20000cb0        0x8 CMakeFiles/mop_robot.elf.dir/Drivers/HARDWARE/rs100.c.obj
                0x20000cb0                LData
 .bss.Rx_Buf    0x20000cb8        0x2 CMakeFiles/mop_robot.elf.dir/Drivers/HARDWARE/rs100.c.obj
                0x20000cb8                Rx_Buf
 .bss.Rx_Flag   0x20000cba        0x1 CMakeFiles/mop_robot.elf.dir/Drivers/HARDWARE/rs100.c.obj
                0x20000cba                Rx_Flag
 *fill*         0x20000cbb        0x1 
 .bss.Show      0x20000cbc       0x14 CMakeFiles/mop_robot.elf.dir/Drivers/HARDWARE/rs100.c.obj
                0x20000cbc                Show
 .bss.uwTick    0x20000cd0        0x4 CMakeFiles/mop_robot.elf.dir/Drivers/STM32F1xx_HAL_Driver/Src/stm32f1xx_hal.c.obj
                0x20000cd0                uwTick
 .bss.__malloc_current_mallinfo
                0x20000cd4       0x28 d:/stm32_file/gcc-arm-none-eabi-9-2019-q4-major-win32/bin/../lib/gcc/arm-none-eabi/9.2.1/../../../../arm-none-eabi/lib/thumb/v7-m/nofp\libg.a(lib_a-mallocr.o)
                0x20000cd4                __malloc_current_mallinfo
 .bss.__malloc_max_sbrked_mem
                0x20000cfc        0x4 d:/stm32_file/gcc-arm-none-eabi-9-2019-q4-major-win32/bin/../lib/gcc/arm-none-eabi/9.2.1/../../../../arm-none-eabi/lib/thumb/v7-m/nofp\libg.a(lib_a-mallocr.o)
                0x20000cfc                __malloc_max_sbrked_mem
 .bss.__malloc_max_total_mem
                0x20000d00        0x4 d:/stm32_file/gcc-arm-none-eabi-9-2019-q4-major-win32/bin/../lib/gcc/arm-none-eabi/9.2.1/../../../../arm-none-eabi/lib/thumb/v7-m/nofp\libg.a(lib_a-mallocr.o)
                0x20000d00                __malloc_max_total_mem
 .bss.__malloc_top_pad
                0x20000d04        0x4 d:/stm32_file/gcc-arm-none-eabi-9-2019-q4-major-win32/bin/../lib/gcc/arm-none-eabi/9.2.1/../../../../arm-none-eabi/lib/thumb/v7-m/nofp\libg.a(lib_a-mallocr.o)
                0x20000d04                __malloc_top_pad
 *(COMMON)
 COMMON         0x20000d08       0x21 d:/stm32_file/gcc-arm-none-eabi-9-2019-q4-major-win32/bin/../lib/gcc/arm-none-eabi/9.2.1/../../../../arm-none-eabi/lib/thumb/v7-m/nofp\libg.a(lib_a-lock.o)
                0x20000d08                __lock___atexit_recursive_mutex
                0x20000d0c                __lock___arc4random_mutex
                0x20000d10                __lock___env_recursive_mutex
                0x20000d14                __lock___sinit_recursive_mutex
                0x20000d18                __lock___malloc_recursive_mutex
                0x20000d1c                __lock___at_quick_exit_mutex
                0x20000d20                __lock___dd_hash_mutex
                0x20000d24                __lock___tz_mutex
                0x20000d28                __lock___sfp_recursive_mutex
 *fill*         0x20000d29        0x3 
 COMMON         0x20000d2c        0x4 d:/stm32_file/gcc-arm-none-eabi-9-2019-q4-major-win32/bin/../lib/gcc/arm-none-eabi/9.2.1/../../../../arm-none-eabi/lib/thumb/v7-m/nofp\libg.a(lib_a-reent.o)
                0x20000d2c                errno
                0x20000d30                . = ALIGN (0x4)
                0x20000d30                _ebss = .
                0x20000d30                __bss_end__ = _ebss

._user_heap_stack
                0x20000d30     0x1e00 load address 0x0800a33c
                0x20000d30                . = ALIGN (0x8)
                0x20000d30                PROVIDE (end = .)
                [!provide]                PROVIDE (_end = .)
                0x20001530                . = (. + _Min_Heap_Size)
 *fill*         0x20000d30      0x800 
                0x20002b30                . = (. + _Min_Stack_Size)
 *fill*         0x20001530     0x1600 
                0x20002b30                . = ALIGN (0x8)

/DISCARD/
 libc.a(*)
 libm.a(*)
 libgcc.a(*)

.ARM.attributes
                0x00000000       0x29
 *(.ARM.attributes)
 .ARM.attributes
                0x00000000       0x1d d:/stm32_file/gcc-arm-none-eabi-9-2019-q4-major-win32/bin/../lib/gcc/arm-none-eabi/9.2.1/thumb/v7-m/nofp/crti.o
 .ARM.attributes
                0x0000001d       0x2d d:/stm32_file/gcc-arm-none-eabi-9-2019-q4-major-win32/bin/../lib/gcc/arm-none-eabi/9.2.1/thumb/v7-m/nofp/crtbegin.o
 .ARM.attributes
                0x0000004a       0x2d CMakeFiles/mop_robot.elf.dir/Core/Src/gpio.c.obj
 .ARM.attributes
                0x00000077       0x2d CMakeFiles/mop_robot.elf.dir/Core/Src/i2c.c.obj
 .ARM.attributes
                0x000000a4       0x2d CMakeFiles/mop_robot.elf.dir/Core/Src/main.c.obj
 .ARM.attributes
                0x000000d1       0x2d CMakeFiles/mop_robot.elf.dir/Core/Src/stm32f1xx_hal_msp.c.obj
 .ARM.attributes
                0x000000fe       0x2d CMakeFiles/mop_robot.elf.dir/Core/Src/stm32f1xx_it.c.obj
 .ARM.attributes
                0x0000012b       0x2d CMakeFiles/mop_robot.elf.dir/Core/Src/syscalls.c.obj
 .ARM.attributes
                0x00000158       0x2d CMakeFiles/mop_robot.elf.dir/Core/Src/system_stm32f1xx.c.obj
 .ARM.attributes
                0x00000185       0x2d CMakeFiles/mop_robot.elf.dir/Core/Src/tim.c.obj
 .ARM.attributes
                0x000001b2       0x2d CMakeFiles/mop_robot.elf.dir/Core/Src/usart.c.obj
 .ARM.attributes
                0x000001df       0x2d CMakeFiles/mop_robot.elf.dir/Drivers/HARDWARE/MPU6050.c.obj
 .ARM.attributes
                0x0000020c       0x2d CMakeFiles/mop_robot.elf.dir/Drivers/HARDWARE/Mpuiic.c.obj
 .ARM.attributes
                0x00000239       0x2d CMakeFiles/mop_robot.elf.dir/Drivers/HARDWARE/delay.c.obj
 .ARM.attributes
                0x00000266       0x2d CMakeFiles/mop_robot.elf.dir/Drivers/HARDWARE/motor.c.obj
 .ARM.attributes
                0x00000293       0x2d CMakeFiles/mop_robot.elf.dir/Drivers/HARDWARE/oled.c.obj
 .ARM.attributes
                0x000002c0       0x2d CMakeFiles/mop_robot.elf.dir/Drivers/HARDWARE/pid.c.obj
 .ARM.attributes
                0x000002ed       0x2d CMakeFiles/mop_robot.elf.dir/Drivers/HARDWARE/rs100.c.obj
 .ARM.attributes
                0x0000031a       0x2d CMakeFiles/mop_robot.elf.dir/Drivers/STM32F1xx_HAL_Driver/Src/stm32f1xx_hal.c.obj
 .ARM.attributes
                0x00000347       0x2d CMakeFiles/mop_robot.elf.dir/Drivers/STM32F1xx_HAL_Driver/Src/stm32f1xx_hal_cortex.c.obj
 .ARM.attributes
                0x00000374       0x2d CMakeFiles/mop_robot.elf.dir/Drivers/STM32F1xx_HAL_Driver/Src/stm32f1xx_hal_dma.c.obj
 .ARM.attributes
                0x000003a1       0x2d CMakeFiles/mop_robot.elf.dir/Drivers/STM32F1xx_HAL_Driver/Src/stm32f1xx_hal_gpio.c.obj
 .ARM.attributes
                0x000003ce       0x2d CMakeFiles/mop_robot.elf.dir/Drivers/STM32F1xx_HAL_Driver/Src/stm32f1xx_hal_i2c.c.obj
 .ARM.attributes
                0x000003fb       0x2d CMakeFiles/mop_robot.elf.dir/Drivers/STM32F1xx_HAL_Driver/Src/stm32f1xx_hal_rcc.c.obj
 .ARM.attributes
                0x00000428       0x2d CMakeFiles/mop_robot.elf.dir/Drivers/STM32F1xx_HAL_Driver/Src/stm32f1xx_hal_tim.c.obj
 .ARM.attributes
                0x00000455       0x2d CMakeFiles/mop_robot.elf.dir/Drivers/STM32F1xx_HAL_Driver/Src/stm32f1xx_hal_tim_ex.c.obj
 .ARM.attributes
                0x00000482       0x2d CMakeFiles/mop_robot.elf.dir/Drivers/STM32F1xx_HAL_Driver/Src/stm32f1xx_hal_uart.c.obj
 .ARM.attributes
                0x000004af       0x21 CMakeFiles/mop_robot.elf.dir/startup/startup_stm32f103xb.s.obj
 .ARM.attributes
                0x000004d0       0x1d d:/stm32_file/gcc-arm-none-eabi-9-2019-q4-major-win32/bin/../lib/gcc/arm-none-eabi/9.2.1/thumb/v7-m/nofp\libgcc.a(_arm_addsubdf3.o)
 .ARM.attributes
                0x000004ed       0x1d d:/stm32_file/gcc-arm-none-eabi-9-2019-q4-major-win32/bin/../lib/gcc/arm-none-eabi/9.2.1/thumb/v7-m/nofp\libgcc.a(_arm_muldivdf3.o)
 .ARM.attributes
                0x0000050a       0x1d d:/stm32_file/gcc-arm-none-eabi-9-2019-q4-major-win32/bin/../lib/gcc/arm-none-eabi/9.2.1/thumb/v7-m/nofp\libgcc.a(_arm_truncdfsf2.o)
 .ARM.attributes
                0x00000527       0x1d d:/stm32_file/gcc-arm-none-eabi-9-2019-q4-major-win32/bin/../lib/gcc/arm-none-eabi/9.2.1/thumb/v7-m/nofp\libgcc.a(_arm_addsubsf3.o)
 .ARM.attributes
                0x00000544       0x1d d:/stm32_file/gcc-arm-none-eabi-9-2019-q4-major-win32/bin/../lib/gcc/arm-none-eabi/9.2.1/thumb/v7-m/nofp\libgcc.a(_arm_muldivsf3.o)
 .ARM.attributes
                0x00000561       0x1d d:/stm32_file/gcc-arm-none-eabi-9-2019-q4-major-win32/bin/../lib/gcc/arm-none-eabi/9.2.1/thumb/v7-m/nofp\libgcc.a(_arm_cmpsf2.o)
 .ARM.attributes
                0x0000057e       0x1d d:/stm32_file/gcc-arm-none-eabi-9-2019-q4-major-win32/bin/../lib/gcc/arm-none-eabi/9.2.1/thumb/v7-m/nofp\libgcc.a(_arm_fixsfsi.o)
 .ARM.attributes
                0x0000059b       0x2d d:/stm32_file/gcc-arm-none-eabi-9-2019-q4-major-win32/bin/../lib/gcc/arm-none-eabi/9.2.1/thumb/v7-m/nofp\libgcc.a(_udivmoddi4.o)
 .ARM.attributes
                0x000005c8       0x1d d:/stm32_file/gcc-arm-none-eabi-9-2019-q4-major-win32/bin/../lib/gcc/arm-none-eabi/9.2.1/thumb/v7-m/nofp\libgcc.a(_dvmd_tls.o)
 .ARM.attributes
                0x000005e5       0x2d d:/stm32_file/gcc-arm-none-eabi-9-2019-q4-major-win32/bin/../lib/gcc/arm-none-eabi/9.2.1/../../../../arm-none-eabi/lib/thumb/v7-m/nofp\libg.a(lib_a-errno.o)
 .ARM.attributes
                0x00000612       0x2d d:/stm32_file/gcc-arm-none-eabi-9-2019-q4-major-win32/bin/../lib/gcc/arm-none-eabi/9.2.1/../../../../arm-none-eabi/lib/thumb/v7-m/nofp\libg.a(lib_a-impure.o)
 .ARM.attributes
                0x0000063f       0x2d d:/stm32_file/gcc-arm-none-eabi-9-2019-q4-major-win32/bin/../lib/gcc/arm-none-eabi/9.2.1/../../../../arm-none-eabi/lib/thumb/v7-m/nofp\libg.a(lib_a-init.o)
 .ARM.attributes
                0x0000066c       0x2d d:/stm32_file/gcc-arm-none-eabi-9-2019-q4-major-win32/bin/../lib/gcc/arm-none-eabi/9.2.1/../../../../arm-none-eabi/lib/thumb/v7-m/nofp\libg.a(lib_a-memset.o)
 .ARM.attributes
                0x00000699       0x2d d:/stm32_file/gcc-arm-none-eabi-9-2019-q4-major-win32/bin/../lib/gcc/arm-none-eabi/9.2.1/../../../../arm-none-eabi/lib/thumb/v7-m/nofp\libg.a(lib_a-sprintf.o)
 .ARM.attributes
                0x000006c6       0x2d d:/stm32_file/gcc-arm-none-eabi-9-2019-q4-major-win32/bin/../lib/gcc/arm-none-eabi/9.2.1/../../../../arm-none-eabi/lib/thumb/v7-m/nofp\libg.a(lib_a-strlen-stub.o)
 .ARM.attributes
                0x000006f3       0x2d d:/stm32_file/gcc-arm-none-eabi-9-2019-q4-major-win32/bin/../lib/gcc/arm-none-eabi/9.2.1/../../../../arm-none-eabi/lib/thumb/v7-m/nofp\libg.a(lib_a-svfprintf.o)
 .ARM.attributes
                0x00000720       0x2d d:/stm32_file/gcc-arm-none-eabi-9-2019-q4-major-win32/bin/../lib/gcc/arm-none-eabi/9.2.1/../../../../arm-none-eabi/lib/thumb/v7-m/nofp\libg.a(lib_a-__call_atexit.o)
 .ARM.attributes
                0x0000074d       0x2d d:/stm32_file/gcc-arm-none-eabi-9-2019-q4-major-win32/bin/../lib/gcc/arm-none-eabi/9.2.1/../../../../arm-none-eabi/lib/thumb/v7-m/nofp\libg.a(lib_a-atexit.o)
 .ARM.attributes
                0x0000077a       0x2d d:/stm32_file/gcc-arm-none-eabi-9-2019-q4-major-win32/bin/../lib/gcc/arm-none-eabi/9.2.1/../../../../arm-none-eabi/lib/thumb/v7-m/nofp\libg.a(lib_a-dtoa.o)
 .ARM.attributes
                0x000007a7       0x2d d:/stm32_file/gcc-arm-none-eabi-9-2019-q4-major-win32/bin/../lib/gcc/arm-none-eabi/9.2.1/../../../../arm-none-eabi/lib/thumb/v7-m/nofp\libg.a(lib_a-fini.o)
 .ARM.attributes
                0x000007d4       0x2d d:/stm32_file/gcc-arm-none-eabi-9-2019-q4-major-win32/bin/../lib/gcc/arm-none-eabi/9.2.1/../../../../arm-none-eabi/lib/thumb/v7-m/nofp\libg.a(lib_a-freer.o)
 .ARM.attributes
                0x00000801       0x2d d:/stm32_file/gcc-arm-none-eabi-9-2019-q4-major-win32/bin/../lib/gcc/arm-none-eabi/9.2.1/../../../../arm-none-eabi/lib/thumb/v7-m/nofp\libg.a(lib_a-localeconv.o)
 .ARM.attributes
                0x0000082e       0x2d d:/stm32_file/gcc-arm-none-eabi-9-2019-q4-major-win32/bin/../lib/gcc/arm-none-eabi/9.2.1/../../../../arm-none-eabi/lib/thumb/v7-m/nofp\libg.a(lib_a-lock.o)
 .ARM.attributes
                0x0000085b       0x2d d:/stm32_file/gcc-arm-none-eabi-9-2019-q4-major-win32/bin/../lib/gcc/arm-none-eabi/9.2.1/../../../../arm-none-eabi/lib/thumb/v7-m/nofp\libg.a(lib_a-mallocr.o)
 .ARM.attributes
                0x00000888       0x2d d:/stm32_file/gcc-arm-none-eabi-9-2019-q4-major-win32/bin/../lib/gcc/arm-none-eabi/9.2.1/../../../../arm-none-eabi/lib/thumb/v7-m/nofp\libg.a(lib_a-memchr-stub.o)
 .ARM.attributes
                0x000008b5       0x1b d:/stm32_file/gcc-arm-none-eabi-9-2019-q4-major-win32/bin/../lib/gcc/arm-none-eabi/9.2.1/../../../../arm-none-eabi/lib/thumb/v7-m/nofp\libg.a(lib_a-memcpy.o)
 .ARM.attributes
                0x000008d0       0x2d d:/stm32_file/gcc-arm-none-eabi-9-2019-q4-major-win32/bin/../lib/gcc/arm-none-eabi/9.2.1/../../../../arm-none-eabi/lib/thumb/v7-m/nofp\libg.a(lib_a-memmove.o)
 .ARM.attributes
                0x000008fd       0x2d d:/stm32_file/gcc-arm-none-eabi-9-2019-q4-major-win32/bin/../lib/gcc/arm-none-eabi/9.2.1/../../../../arm-none-eabi/lib/thumb/v7-m/nofp\libg.a(lib_a-mlock.o)
 .ARM.attributes
                0x0000092a       0x2d d:/stm32_file/gcc-arm-none-eabi-9-2019-q4-major-win32/bin/../lib/gcc/arm-none-eabi/9.2.1/../../../../arm-none-eabi/lib/thumb/v7-m/nofp\libg.a(lib_a-mprec.o)
 .ARM.attributes
                0x00000957       0x2d d:/stm32_file/gcc-arm-none-eabi-9-2019-q4-major-win32/bin/../lib/gcc/arm-none-eabi/9.2.1/../../../../arm-none-eabi/lib/thumb/v7-m/nofp\libg.a(lib_a-reallocr.o)
 .ARM.attributes
                0x00000984       0x2d d:/stm32_file/gcc-arm-none-eabi-9-2019-q4-major-win32/bin/../lib/gcc/arm-none-eabi/9.2.1/../../../../arm-none-eabi/lib/thumb/v7-m/nofp\libg.a(lib_a-s_frexp.o)
 .ARM.attributes
                0x000009b1       0x2d d:/stm32_file/gcc-arm-none-eabi-9-2019-q4-major-win32/bin/../lib/gcc/arm-none-eabi/9.2.1/../../../../arm-none-eabi/lib/thumb/v7-m/nofp\libg.a(lib_a-sbrkr.o)
 .ARM.attributes
                0x000009de       0x2d d:/stm32_file/gcc-arm-none-eabi-9-2019-q4-major-win32/bin/../lib/gcc/arm-none-eabi/9.2.1/../../../../arm-none-eabi/lib/thumb/v7-m/nofp\libg.a(lib_a-strncpy.o)
 .ARM.attributes
                0x00000a0b       0x2d d:/stm32_file/gcc-arm-none-eabi-9-2019-q4-major-win32/bin/../lib/gcc/arm-none-eabi/9.2.1/../../../../arm-none-eabi/lib/thumb/v7-m/nofp\libg.a(lib_a-svfiprintf.o)
 .ARM.attributes
                0x00000a38       0x2d d:/stm32_file/gcc-arm-none-eabi-9-2019-q4-major-win32/bin/../lib/gcc/arm-none-eabi/9.2.1/../../../../arm-none-eabi/lib/thumb/v7-m/nofp\libg.a(lib_a-__atexit.o)
 .ARM.attributes
                0x00000a65       0x2d d:/stm32_file/gcc-arm-none-eabi-9-2019-q4-major-win32/bin/../lib/gcc/arm-none-eabi/9.2.1/../../../../arm-none-eabi/lib/thumb/v7-m/nofp\libg.a(lib_a-callocr.o)
 .ARM.attributes
                0x00000a92       0x2d d:/stm32_file/gcc-arm-none-eabi-9-2019-q4-major-win32/bin/../lib/gcc/arm-none-eabi/9.2.1/../../../../arm-none-eabi/lib/thumb/v7-m/nofp\libg.a(lib_a-locale.o)
 .ARM.attributes
                0x00000abf       0x2d d:/stm32_file/gcc-arm-none-eabi-9-2019-q4-major-win32/bin/../lib/gcc/arm-none-eabi/9.2.1/../../../../arm-none-eabi/lib/thumb/v7-m/nofp\libg.a(lib_a-mbtowc_r.o)
 .ARM.attributes
                0x00000aec       0x2d d:/stm32_file/gcc-arm-none-eabi-9-2019-q4-major-win32/bin/../lib/gcc/arm-none-eabi/9.2.1/../../../../arm-none-eabi/lib/thumb/v7-m/nofp\libg.a(lib_a-reent.o)
 .ARM.attributes
                0x00000b19       0x2d d:/stm32_file/gcc-arm-none-eabi-9-2019-q4-major-win32/bin/../lib/gcc/arm-none-eabi/9.2.1/../../../../arm-none-eabi/lib/thumb/v7-m/nofp\libg.a(lib_a-wctomb_r.o)
 .ARM.attributes
                0x00000b46       0x2d d:/stm32_file/gcc-arm-none-eabi-9-2019-q4-major-win32/bin/../lib/gcc/arm-none-eabi/9.2.1/../../../../arm-none-eabi/lib/thumb/v7-m/nofp\libg.a(lib_a-ctype_.o)
 .ARM.attributes
                0x00000b73       0x1d d:/stm32_file/gcc-arm-none-eabi-9-2019-q4-major-win32/bin/../lib/gcc/arm-none-eabi/9.2.1/thumb/v7-m/nofp\libgcc.a(_arm_cmpdf2.o)
 .ARM.attributes
                0x00000b90       0x1d d:/stm32_file/gcc-arm-none-eabi-9-2019-q4-major-win32/bin/../lib/gcc/arm-none-eabi/9.2.1/thumb/v7-m/nofp\libgcc.a(_arm_unorddf2.o)
 .ARM.attributes
                0x00000bad       0x1d d:/stm32_file/gcc-arm-none-eabi-9-2019-q4-major-win32/bin/../lib/gcc/arm-none-eabi/9.2.1/thumb/v7-m/nofp\libgcc.a(_arm_fixdfsi.o)
 .ARM.attributes
                0x00000bca       0x1d d:/stm32_file/gcc-arm-none-eabi-9-2019-q4-major-win32/bin/../lib/gcc/arm-none-eabi/9.2.1/thumb/v7-m/nofp\libgcc.a(_aeabi_uldivmod.o)
 .ARM.attributes
                0x00000be7       0x1d d:/stm32_file/gcc-arm-none-eabi-9-2019-q4-major-win32/bin/../lib/gcc/arm-none-eabi/9.2.1/thumb/v7-m/nofp/crtn.o
OUTPUT(mop_robot.elf elf32-littlearm)

.debug_info     0x00000000    0x1a4b8
 .debug_info    0x00000000      0x3fc CMakeFiles/mop_robot.elf.dir/Core/Src/gpio.c.obj
 .debug_info    0x000003fc      0xa0a CMakeFiles/mop_robot.elf.dir/Core/Src/i2c.c.obj
 .debug_info    0x00000e06     0x1a10 CMakeFiles/mop_robot.elf.dir/Core/Src/main.c.obj
 .debug_info    0x00002816      0x2fd CMakeFiles/mop_robot.elf.dir/Core/Src/stm32f1xx_hal_msp.c.obj
 .debug_info    0x00002b13      0xaf4 CMakeFiles/mop_robot.elf.dir/Core/Src/stm32f1xx_it.c.obj
 .debug_info    0x00003607     0x112a CMakeFiles/mop_robot.elf.dir/Core/Src/syscalls.c.obj
 .debug_info    0x00004731      0x2c9 CMakeFiles/mop_robot.elf.dir/Core/Src/system_stm32f1xx.c.obj
 .debug_info    0x000049fa     0x128a CMakeFiles/mop_robot.elf.dir/Core/Src/tim.c.obj
 .debug_info    0x00005c84      0xb00 CMakeFiles/mop_robot.elf.dir/Core/Src/usart.c.obj
 .debug_info    0x00006784     0x14ea CMakeFiles/mop_robot.elf.dir/Drivers/HARDWARE/MPU6050.c.obj
 .debug_info    0x00007c6e      0x59a CMakeFiles/mop_robot.elf.dir/Drivers/HARDWARE/Mpuiic.c.obj
 .debug_info    0x00008208      0x342 CMakeFiles/mop_robot.elf.dir/Drivers/HARDWARE/delay.c.obj
 .debug_info    0x0000854a     0x1a25 CMakeFiles/mop_robot.elf.dir/Drivers/HARDWARE/motor.c.obj
 .debug_info    0x00009f6f     0x1026 CMakeFiles/mop_robot.elf.dir/Drivers/HARDWARE/oled.c.obj
 .debug_info    0x0000af95      0x351 CMakeFiles/mop_robot.elf.dir/Drivers/HARDWARE/pid.c.obj
 .debug_info    0x0000b2e6     0x10bc CMakeFiles/mop_robot.elf.dir/Drivers/HARDWARE/rs100.c.obj
 .debug_info    0x0000c3a2      0x831 CMakeFiles/mop_robot.elf.dir/Drivers/STM32F1xx_HAL_Driver/Src/stm32f1xx_hal.c.obj
 .debug_info    0x0000cbd3      0xe46 CMakeFiles/mop_robot.elf.dir/Drivers/STM32F1xx_HAL_Driver/Src/stm32f1xx_hal_cortex.c.obj
 .debug_info    0x0000da19      0x932 CMakeFiles/mop_robot.elf.dir/Drivers/STM32F1xx_HAL_Driver/Src/stm32f1xx_hal_dma.c.obj
 .debug_info    0x0000e34b      0x75b CMakeFiles/mop_robot.elf.dir/Drivers/STM32F1xx_HAL_Driver/Src/stm32f1xx_hal_gpio.c.obj
 .debug_info    0x0000eaa6     0x3b33 CMakeFiles/mop_robot.elf.dir/Drivers/STM32F1xx_HAL_Driver/Src/stm32f1xx_hal_i2c.c.obj
 .debug_info    0x000125d9      0xaab CMakeFiles/mop_robot.elf.dir/Drivers/STM32F1xx_HAL_Driver/Src/stm32f1xx_hal_rcc.c.obj
 .debug_info    0x00013084     0x3be0 CMakeFiles/mop_robot.elf.dir/Drivers/STM32F1xx_HAL_Driver/Src/stm32f1xx_hal_tim.c.obj
 .debug_info    0x00016c64     0x1ad3 CMakeFiles/mop_robot.elf.dir/Drivers/STM32F1xx_HAL_Driver/Src/stm32f1xx_hal_tim_ex.c.obj
 .debug_info    0x00018737     0x1d5f CMakeFiles/mop_robot.elf.dir/Drivers/STM32F1xx_HAL_Driver/Src/stm32f1xx_hal_uart.c.obj
 .debug_info    0x0001a496       0x22 CMakeFiles/mop_robot.elf.dir/startup/startup_stm32f103xb.s.obj

.debug_abbrev   0x00000000     0x3905
 .debug_abbrev  0x00000000      0x17b CMakeFiles/mop_robot.elf.dir/Core/Src/gpio.c.obj
 .debug_abbrev  0x0000017b      0x201 CMakeFiles/mop_robot.elf.dir/Core/Src/i2c.c.obj
 .debug_abbrev  0x0000037c      0x2dc CMakeFiles/mop_robot.elf.dir/Core/Src/main.c.obj
 .debug_abbrev  0x00000658      0x12e CMakeFiles/mop_robot.elf.dir/Core/Src/stm32f1xx_hal_msp.c.obj
 .debug_abbrev  0x00000786      0x1af CMakeFiles/mop_robot.elf.dir/Core/Src/stm32f1xx_it.c.obj
 .debug_abbrev  0x00000935      0x31e CMakeFiles/mop_robot.elf.dir/Core/Src/syscalls.c.obj
 .debug_abbrev  0x00000c53      0x151 CMakeFiles/mop_robot.elf.dir/Core/Src/system_stm32f1xx.c.obj
 .debug_abbrev  0x00000da4      0x24a CMakeFiles/mop_robot.elf.dir/Core/Src/tim.c.obj
 .debug_abbrev  0x00000fee      0x1f6 CMakeFiles/mop_robot.elf.dir/Core/Src/usart.c.obj
 .debug_abbrev  0x000011e4      0x34a CMakeFiles/mop_robot.elf.dir/Drivers/HARDWARE/MPU6050.c.obj
 .debug_abbrev  0x0000152e      0x1ef CMakeFiles/mop_robot.elf.dir/Drivers/HARDWARE/Mpuiic.c.obj
 .debug_abbrev  0x0000171d      0x191 CMakeFiles/mop_robot.elf.dir/Drivers/HARDWARE/delay.c.obj
 .debug_abbrev  0x000018ae      0x38c CMakeFiles/mop_robot.elf.dir/Drivers/HARDWARE/motor.c.obj
 .debug_abbrev  0x00001c3a      0x238 CMakeFiles/mop_robot.elf.dir/Drivers/HARDWARE/oled.c.obj
 .debug_abbrev  0x00001e72      0x144 CMakeFiles/mop_robot.elf.dir/Drivers/HARDWARE/pid.c.obj
 .debug_abbrev  0x00001fb6      0x290 CMakeFiles/mop_robot.elf.dir/Drivers/HARDWARE/rs100.c.obj
 .debug_abbrev  0x00002246      0x219 CMakeFiles/mop_robot.elf.dir/Drivers/STM32F1xx_HAL_Driver/Src/stm32f1xx_hal.c.obj
 .debug_abbrev  0x0000245f      0x367 CMakeFiles/mop_robot.elf.dir/Drivers/STM32F1xx_HAL_Driver/Src/stm32f1xx_hal_cortex.c.obj
 .debug_abbrev  0x000027c6      0x262 CMakeFiles/mop_robot.elf.dir/Drivers/STM32F1xx_HAL_Driver/Src/stm32f1xx_hal_dma.c.obj
 .debug_abbrev  0x00002a28      0x213 CMakeFiles/mop_robot.elf.dir/Drivers/STM32F1xx_HAL_Driver/Src/stm32f1xx_hal_gpio.c.obj
 .debug_abbrev  0x00002c3b      0x2bf CMakeFiles/mop_robot.elf.dir/Drivers/STM32F1xx_HAL_Driver/Src/stm32f1xx_hal_i2c.c.obj
 .debug_abbrev  0x00002efa      0x28d CMakeFiles/mop_robot.elf.dir/Drivers/STM32F1xx_HAL_Driver/Src/stm32f1xx_hal_rcc.c.obj
 .debug_abbrev  0x00003187      0x26b CMakeFiles/mop_robot.elf.dir/Drivers/STM32F1xx_HAL_Driver/Src/stm32f1xx_hal_tim.c.obj
 .debug_abbrev  0x000033f2      0x26e CMakeFiles/mop_robot.elf.dir/Drivers/STM32F1xx_HAL_Driver/Src/stm32f1xx_hal_tim_ex.c.obj
 .debug_abbrev  0x00003660      0x293 CMakeFiles/mop_robot.elf.dir/Drivers/STM32F1xx_HAL_Driver/Src/stm32f1xx_hal_uart.c.obj
 .debug_abbrev  0x000038f3       0x12 CMakeFiles/mop_robot.elf.dir/startup/startup_stm32f103xb.s.obj

.debug_aranges  0x00000000     0x11f0
 .debug_aranges
                0x00000000       0x20 CMakeFiles/mop_robot.elf.dir/Core/Src/gpio.c.obj
 .debug_aranges
                0x00000020       0x30 CMakeFiles/mop_robot.elf.dir/Core/Src/i2c.c.obj
 .debug_aranges
                0x00000050       0x30 CMakeFiles/mop_robot.elf.dir/Core/Src/main.c.obj
 .debug_aranges
                0x00000080       0x20 CMakeFiles/mop_robot.elf.dir/Core/Src/stm32f1xx_hal_msp.c.obj
 .debug_aranges
                0x000000a0       0x88 CMakeFiles/mop_robot.elf.dir/Core/Src/stm32f1xx_it.c.obj
 .debug_aranges
                0x00000128       0xb0 CMakeFiles/mop_robot.elf.dir/Core/Src/syscalls.c.obj
 .debug_aranges
                0x000001d8       0x28 CMakeFiles/mop_robot.elf.dir/Core/Src/system_stm32f1xx.c.obj
 .debug_aranges
                0x00000200       0x70 CMakeFiles/mop_robot.elf.dir/Core/Src/tim.c.obj
 .debug_aranges
                0x00000270       0x30 CMakeFiles/mop_robot.elf.dir/Core/Src/usart.c.obj
 .debug_aranges
                0x000002a0       0x88 CMakeFiles/mop_robot.elf.dir/Drivers/HARDWARE/MPU6050.c.obj
 .debug_aranges
                0x00000328       0x60 CMakeFiles/mop_robot.elf.dir/Drivers/HARDWARE/Mpuiic.c.obj
 .debug_aranges
                0x00000388       0x30 CMakeFiles/mop_robot.elf.dir/Drivers/HARDWARE/delay.c.obj
 .debug_aranges
                0x000003b8       0x70 CMakeFiles/mop_robot.elf.dir/Drivers/HARDWARE/motor.c.obj
 .debug_aranges
                0x00000428       0x98 CMakeFiles/mop_robot.elf.dir/Drivers/HARDWARE/oled.c.obj
 .debug_aranges
                0x000004c0       0x30 CMakeFiles/mop_robot.elf.dir/Drivers/HARDWARE/pid.c.obj
 .debug_aranges
                0x000004f0       0x28 CMakeFiles/mop_robot.elf.dir/Drivers/HARDWARE/rs100.c.obj
 .debug_aranges
                0x00000518       0xe0 CMakeFiles/mop_robot.elf.dir/Drivers/STM32F1xx_HAL_Driver/Src/stm32f1xx_hal.c.obj
 .debug_aranges
                0x000005f8       0x90 CMakeFiles/mop_robot.elf.dir/Drivers/STM32F1xx_HAL_Driver/Src/stm32f1xx_hal_cortex.c.obj
 .debug_aranges
                0x00000688       0x80 CMakeFiles/mop_robot.elf.dir/Drivers/STM32F1xx_HAL_Driver/Src/stm32f1xx_hal_dma.c.obj
 .debug_aranges
                0x00000708       0x58 CMakeFiles/mop_robot.elf.dir/Drivers/STM32F1xx_HAL_Driver/Src/stm32f1xx_hal_gpio.c.obj
 .debug_aranges
                0x00000760      0x2a0 CMakeFiles/mop_robot.elf.dir/Drivers/STM32F1xx_HAL_Driver/Src/stm32f1xx_hal_i2c.c.obj
 .debug_aranges
                0x00000a00       0x90 CMakeFiles/mop_robot.elf.dir/Drivers/STM32F1xx_HAL_Driver/Src/stm32f1xx_hal_rcc.c.obj
 .debug_aranges
                0x00000a90      0x3d0 CMakeFiles/mop_robot.elf.dir/Drivers/STM32F1xx_HAL_Driver/Src/stm32f1xx_hal_tim.c.obj
 .debug_aranges
                0x00000e60      0x168 CMakeFiles/mop_robot.elf.dir/Drivers/STM32F1xx_HAL_Driver/Src/stm32f1xx_hal_tim_ex.c.obj
 .debug_aranges
                0x00000fc8      0x200 CMakeFiles/mop_robot.elf.dir/Drivers/STM32F1xx_HAL_Driver/Src/stm32f1xx_hal_uart.c.obj
 .debug_aranges
                0x000011c8       0x28 CMakeFiles/mop_robot.elf.dir/startup/startup_stm32f103xb.s.obj

.debug_ranges   0x00000000     0x1110
 .debug_ranges  0x00000000       0x10 CMakeFiles/mop_robot.elf.dir/Core/Src/gpio.c.obj
 .debug_ranges  0x00000010       0x20 CMakeFiles/mop_robot.elf.dir/Core/Src/i2c.c.obj
 .debug_ranges  0x00000030       0x20 CMakeFiles/mop_robot.elf.dir/Core/Src/main.c.obj
 .debug_ranges  0x00000050       0x10 CMakeFiles/mop_robot.elf.dir/Core/Src/stm32f1xx_hal_msp.c.obj
 .debug_ranges  0x00000060       0x78 CMakeFiles/mop_robot.elf.dir/Core/Src/stm32f1xx_it.c.obj
 .debug_ranges  0x000000d8       0xa0 CMakeFiles/mop_robot.elf.dir/Core/Src/syscalls.c.obj
 .debug_ranges  0x00000178       0x18 CMakeFiles/mop_robot.elf.dir/Core/Src/system_stm32f1xx.c.obj
 .debug_ranges  0x00000190       0x60 CMakeFiles/mop_robot.elf.dir/Core/Src/tim.c.obj
 .debug_ranges  0x000001f0       0x20 CMakeFiles/mop_robot.elf.dir/Core/Src/usart.c.obj
 .debug_ranges  0x00000210       0x78 CMakeFiles/mop_robot.elf.dir/Drivers/HARDWARE/MPU6050.c.obj
 .debug_ranges  0x00000288       0x50 CMakeFiles/mop_robot.elf.dir/Drivers/HARDWARE/Mpuiic.c.obj
 .debug_ranges  0x000002d8       0x20 CMakeFiles/mop_robot.elf.dir/Drivers/HARDWARE/delay.c.obj
 .debug_ranges  0x000002f8       0x80 CMakeFiles/mop_robot.elf.dir/Drivers/HARDWARE/motor.c.obj
 .debug_ranges  0x00000378       0x88 CMakeFiles/mop_robot.elf.dir/Drivers/HARDWARE/oled.c.obj
 .debug_ranges  0x00000400       0x20 CMakeFiles/mop_robot.elf.dir/Drivers/HARDWARE/pid.c.obj
 .debug_ranges  0x00000420       0x18 CMakeFiles/mop_robot.elf.dir/Drivers/HARDWARE/rs100.c.obj